Archive member included to satisfy reference by file (symbol)

c:/users/duart/appdata/local/arduino15/packages/seeeduino/tools/arm-none-eabi-gcc/7-2017q4/bin/../lib/gcc/arm-none-eabi/7.2.1/../../../../arm-none-eabi/lib/thumb/v6-m\libm.a(lib_a-s_cos.o)
                              C:\Users\duart\AppData\Local\arduino\sketches\68079F437916337DF7DC6B02F8359EC4\libraries\TinyGPSPlus-master\TinyGPS++.cpp.o (cos)
c:/users/duart/appdata/local/arduino15/packages/seeeduino/tools/arm-none-eabi-gcc/7-2017q4/bin/../lib/gcc/arm-none-eabi/7.2.1/../../../../arm-none-eabi/lib/thumb/v6-m\libm.a(lib_a-s_sin.o)
                              C:\Users\duart\AppData\Local\arduino\sketches\68079F437916337DF7DC6B02F8359EC4\libraries\TinyGPSPlus-master\TinyGPS++.cpp.o (sin)
c:/users/duart/appdata/local/arduino15/packages/seeeduino/tools/arm-none-eabi-gcc/7-2017q4/bin/../lib/gcc/arm-none-eabi/7.2.1/../../../../arm-none-eabi/lib/thumb/v6-m\libm.a(lib_a-w_atan2.o)
                              C:\Users\duart\AppData\Local\arduino\sketches\68079F437916337DF7DC6B02F8359EC4\libraries\TinyGPSPlus-master\TinyGPS++.cpp.o (atan2)
c:/users/duart/appdata/local/arduino15/packages/seeeduino/tools/arm-none-eabi-gcc/7-2017q4/bin/../lib/gcc/arm-none-eabi/7.2.1/../../../../arm-none-eabi/lib/thumb/v6-m\libm.a(lib_a-w_sqrt.o)
                              C:\Users\duart\AppData\Local\arduino\sketches\68079F437916337DF7DC6B02F8359EC4\libraries\TinyGPSPlus-master\TinyGPS++.cpp.o (sqrt)
c:/users/duart/appdata/local/arduino15/packages/seeeduino/tools/arm-none-eabi-gcc/7-2017q4/bin/../lib/gcc/arm-none-eabi/7.2.1/../../../../arm-none-eabi/lib/thumb/v6-m\libm.a(lib_a-e_atan2.o)
                              c:/users/duart/appdata/local/arduino15/packages/seeeduino/tools/arm-none-eabi-gcc/7-2017q4/bin/../lib/gcc/arm-none-eabi/7.2.1/../../../../arm-none-eabi/lib/thumb/v6-m\libm.a(lib_a-w_atan2.o) (__ieee754_atan2)
c:/users/duart/appdata/local/arduino15/packages/seeeduino/tools/arm-none-eabi-gcc/7-2017q4/bin/../lib/gcc/arm-none-eabi/7.2.1/../../../../arm-none-eabi/lib/thumb/v6-m\libm.a(lib_a-e_rem_pio2.o)
                              c:/users/duart/appdata/local/arduino15/packages/seeeduino/tools/arm-none-eabi-gcc/7-2017q4/bin/../lib/gcc/arm-none-eabi/7.2.1/../../../../arm-none-eabi/lib/thumb/v6-m\libm.a(lib_a-s_cos.o) (__ieee754_rem_pio2)
c:/users/duart/appdata/local/arduino15/packages/seeeduino/tools/arm-none-eabi-gcc/7-2017q4/bin/../lib/gcc/arm-none-eabi/7.2.1/../../../../arm-none-eabi/lib/thumb/v6-m\libm.a(lib_a-e_sqrt.o)
                              c:/users/duart/appdata/local/arduino15/packages/seeeduino/tools/arm-none-eabi-gcc/7-2017q4/bin/../lib/gcc/arm-none-eabi/7.2.1/../../../../arm-none-eabi/lib/thumb/v6-m\libm.a(lib_a-w_sqrt.o) (__ieee754_sqrt)
c:/users/duart/appdata/local/arduino15/packages/seeeduino/tools/arm-none-eabi-gcc/7-2017q4/bin/../lib/gcc/arm-none-eabi/7.2.1/../../../../arm-none-eabi/lib/thumb/v6-m\libm.a(lib_a-k_cos.o)
                              c:/users/duart/appdata/local/arduino15/packages/seeeduino/tools/arm-none-eabi-gcc/7-2017q4/bin/../lib/gcc/arm-none-eabi/7.2.1/../../../../arm-none-eabi/lib/thumb/v6-m\libm.a(lib_a-s_cos.o) (__kernel_cos)
c:/users/duart/appdata/local/arduino15/packages/seeeduino/tools/arm-none-eabi-gcc/7-2017q4/bin/../lib/gcc/arm-none-eabi/7.2.1/../../../../arm-none-eabi/lib/thumb/v6-m\libm.a(lib_a-k_rem_pio2.o)
                              c:/users/duart/appdata/local/arduino15/packages/seeeduino/tools/arm-none-eabi-gcc/7-2017q4/bin/../lib/gcc/arm-none-eabi/7.2.1/../../../../arm-none-eabi/lib/thumb/v6-m\libm.a(lib_a-e_rem_pio2.o) (__kernel_rem_pio2)
c:/users/duart/appdata/local/arduino15/packages/seeeduino/tools/arm-none-eabi-gcc/7-2017q4/bin/../lib/gcc/arm-none-eabi/7.2.1/../../../../arm-none-eabi/lib/thumb/v6-m\libm.a(lib_a-k_sin.o)
                              c:/users/duart/appdata/local/arduino15/packages/seeeduino/tools/arm-none-eabi-gcc/7-2017q4/bin/../lib/gcc/arm-none-eabi/7.2.1/../../../../arm-none-eabi/lib/thumb/v6-m\libm.a(lib_a-s_cos.o) (__kernel_sin)
c:/users/duart/appdata/local/arduino15/packages/seeeduino/tools/arm-none-eabi-gcc/7-2017q4/bin/../lib/gcc/arm-none-eabi/7.2.1/../../../../arm-none-eabi/lib/thumb/v6-m\libm.a(lib_a-s_atan.o)
                              c:/users/duart/appdata/local/arduino15/packages/seeeduino/tools/arm-none-eabi-gcc/7-2017q4/bin/../lib/gcc/arm-none-eabi/7.2.1/../../../../arm-none-eabi/lib/thumb/v6-m\libm.a(lib_a-e_atan2.o) (atan)
c:/users/duart/appdata/local/arduino15/packages/seeeduino/tools/arm-none-eabi-gcc/7-2017q4/bin/../lib/gcc/arm-none-eabi/7.2.1/../../../../arm-none-eabi/lib/thumb/v6-m\libm.a(lib_a-s_fabs.o)
                              c:/users/duart/appdata/local/arduino15/packages/seeeduino/tools/arm-none-eabi-gcc/7-2017q4/bin/../lib/gcc/arm-none-eabi/7.2.1/../../../../arm-none-eabi/lib/thumb/v6-m\libm.a(lib_a-e_atan2.o) (fabs)
[...]
Memory Configuration

Name             Origin             Length             Attributes
FLASH            0x00002000         0x0003e000         xr
RAM              0x20000000         0x00008000         xrw
*default*        0x00000000         0xffffffff

Linker script and memory map

LOAD c:/users/duart/appdata/local/arduino15/packages/seeeduino/tools/arm-none-eabi-gcc/7-2017q4/bin/../lib/gcc/arm-none-eabi/7.2.1/thumb/v6-m/crti.o
LOAD c:/users/duart/appdata/local/arduino15/packages/seeeduino/tools/arm-none-eabi-gcc/7-2017q4/bin/../lib/gcc/arm-none-eabi/7.2.1/thumb/v6-m/crtbegin.o
LOAD c:/users/duart/appdata/local/arduino15/packages/seeeduino/tools/arm-none-eabi-gcc/7-2017q4/bin/../lib/gcc/arm-none-eabi/7.2.1/../../../../arm-none-eabi/lib/thumb/v6-m/crt0.o
LOAD C:\Users\duart\AppData\Local\arduino\sketches\68079F437916337DF7DC6B02F8359EC4\sketch\DataHandling.cpp.o
LOAD C:\Users\duart\AppData\Local\arduino\sketches\68079F437916337DF7DC6B02F8359EC4\sketch\Lora.cpp.o
LOAD C:\Users\duart\AppData\Local\arduino\sketches\68079F437916337DF7DC6B02F8359EC4\sketch\Sensors.cpp.o
LOAD C:\Users\duart\AppData\Local\arduino\sketches\68079F437916337DF7DC6B02F8359EC4\sketch\Variables.cpp.o
LOAD C:\Users\duart\AppData\Local\arduino\sketches\68079F437916337DF7DC6B02F8359EC4\sketch\gps.cpp.o
LOAD C:\Users\duart\AppData\Local\arduino\sketches\68079F437916337DF7DC6B02F8359EC4\sketch\main.ino.cpp.o
LOAD C:\Users\duart\AppData\Local\arduino\sketches\68079F437916337DF7DC6B02F8359EC4\libraries\DHT20\DHT20.cpp.o
LOAD C:\Users\duart\AppData\Local\arduino\sketches\68079F437916337DF7DC6B02F8359EC4\libraries\Wire\Wire.cpp.o
LOAD C:\Users\duart\AppData\Local\arduino\sketches\68079F437916337DF7DC6B02F8359EC4\libraries\Grove_-_Digital_Light_Sensor\Digital_Light_ISL29035.cpp.o
LOAD C:\Users\duart\AppData\Local\arduino\sketches\68079F437916337DF7DC6B02F8359EC4\libraries\Grove_-_Digital_Light_Sensor\Digital_Light_TSL2561.cpp.o
LOAD C:\Users\duart\AppData\Local\arduino\sketches\68079F437916337DF7DC6B02F8359EC4\libraries\LoRaWan\LoRaWan.cpp.o
LOAD C:\Users\duart\AppData\Local\arduino\sketches\68079F437916337DF7DC6B02F8359EC4\libraries\DigitalPressureSensor\Dps310.cpp.o
LOAD C:\Users\duart\AppData\Local\arduino\sketches\68079F437916337DF7DC6B02F8359EC4\libraries\DigitalPressureSensor\Dps422.cpp.o
LOAD C:\Users\duart\AppData\Local\arduino\sketches\68079F437916337DF7DC6B02F8359EC4\libraries\DigitalPressureSensor\DpsClass.cpp.o
LOAD C:\Users\duart\AppData\Local\arduino\sketches\68079F437916337DF7DC6B02F8359EC4\libraries\SPI\SPI.cpp.o
LOAD C:\Users\duart\AppData\Local\arduino\sketches\68079F437916337DF7DC6B02F8359EC4\libraries\Adafruit_ZeroDMA\Adafruit_ZeroDMA.cpp.o
LOAD C:\Users\duart\AppData\Local\arduino\sketches\68079F437916337DF7DC6B02F8359EC4\libraries\TinyGPSPlus-master\TinyGPS++.cpp.o
LOAD C:\Users\duart\AppData\Local\arduino\sketches\68079F437916337DF7DC6B02F8359EC4\core\variant.cpp.o
START GROUP
LOAD C:\Users\duart\AppData\Local\Arduino15\packages\Seeeduino\tools\CMSIS\5.7.0/CMSIS/DSP/Lib/GCC/\libarm_cortexM0l_math.a
LOAD c:/users/duart/appdata/local/arduino15/packages/seeeduino/tools/arm-none-eabi-gcc/7-2017q4/bin/../lib/gcc/arm-none-eabi/7.2.1/../../../../arm-none-eabi/lib/thumb/v6-m\libm.a
LOAD C:\Users\duart\AppData\Local\arduino\sketches\68079F437916337DF7DC6B02F8359EC4/..\..\cores\Seeeduino_samd_rolawan_usbstack_arduino,debug_off_a0806429c01b778d2e97bb92b1158949\core.a
END GROUP
LOAD c:/users/duart/appdata/local/arduino15/packages/seeeduino/tools/arm-none-eabi-gcc/7-2017q4/bin/../lib/gcc/arm-none-eabi/7.2.1/../../../../arm-none-eabi/lib/thumb/v6-m\libstdc++_nano.a
LOAD c:/users/duart/appdata/local/arduino15/packages/seeeduino/tools/arm-none-eabi-gcc/7-2017q4/bin/../lib/gcc/arm-none-eabi/7.2.1/../../../../arm-none-eabi/lib/thumb/v6-m\libm.a
START GROUP
LOAD c:/users/duart/appdata/local/arduino15/packages/seeeduino/tools/arm-none-eabi-gcc/7-2017q4/bin/../lib/gcc/arm-none-eabi/7.2.1/thumb/v6-m\libgcc.a
LOAD c:/users/duart/appdata/local/arduino15/packages/seeeduino/tools/arm-none-eabi-gcc/7-2017q4/bin/../lib/gcc/arm-none-eabi/7.2.1/../../../../arm-none-eabi/lib/thumb/v6-m\libc_nano.a
END GROUP
START GROUP
LOAD c:/users/duart/appdata/local/arduino15/packages/seeeduino/tools/arm-none-eabi-gcc/7-2017q4/bin/../lib/gcc/arm-none-eabi/7.2.1/thumb/v6-m\libgcc.a
LOAD c:/users/duart/appdata/local/arduino15/packages/seeeduino/tools/arm-none-eabi-gcc/7-2017q4/bin/../lib/gcc/arm-none-eabi/7.2.1/../../../../arm-none-eabi/lib/thumb/v6-m\libc_nano.a
LOAD c:/users/duart/appdata/local/arduino15/packages/seeeduino/tools/arm-none-eabi-gcc/7-2017q4/bin/../lib/gcc/arm-none-eabi/7.2.1/../../../../arm-none-eabi/lib/thumb/v6-m\libnosys.a
END GROUP
START GROUP
LOAD c:/users/duart/appdata/local/arduino15/packages/seeeduino/tools/arm-none-eabi-gcc/7-2017q4/bin/../lib/gcc/arm-none-eabi/7.2.1/thumb/v6-m\libgcc.a
LOAD c:/users/duart/appdata/local/arduino15/packages/seeeduino/tools/arm-none-eabi-gcc/7-2017q4/bin/../lib/gcc/arm-none-eabi/7.2.1/../../../../arm-none-eabi/lib/thumb/v6-m\libc_nano.a
LOAD c:/users/duart/appdata/local/arduino15/packages/seeeduino/tools/arm-none-eabi-gcc/7-2017q4/bin/../lib/gcc/arm-none-eabi/7.2.1/../../../../arm-none-eabi/lib/thumb/v6-m\libnosys.a
END GROUP
LOAD c:/users/duart/appdata/local/arduino15/packages/seeeduino/tools/arm-none-eabi-gcc/7-2017q4/bin/../lib/gcc/arm-none-eabi/7.2.1/thumb/v6-m/crtend.o
LOAD c:/users/duart/appdata/local/arduino15/packages/seeeduino/tools/arm-none-eabi-gcc/7-2017q4/bin/../lib/gcc/arm-none-eabi/7.2.1/thumb/v6-m/crtn.o

.text           0x00002000     0xcfd4
 *(.isr_vector)
 .isr_vector    0x00002000       0xb4 C:\Users\duart\AppData\Local\arduino\sketches\68079F437916337DF7DC6B02F8359EC4/..\..\cores\Seeeduino_samd_rolawan_usbstack_arduino,debug_off_a0806429c01b778d2e97bb92b1158949\core.a(cortex_handlers.c.o)
                0x00002000                exception_table
 *(.text*)
 .text          0x000020b4       0x48 c:/users/duart/appdata/local/arduino15/packages/seeeduino/tools/arm-none-eabi-gcc/7-2017q4/bin/../lib/gcc/arm-none-eabi/7.2.1/thumb/v6-m/crtbegin.o
 .text._Z14initializeLoRav
                0x000020fc      0x108 C:\Users\duart\AppData\Local\arduino\sketches\68079F437916337DF7DC6B02F8359EC4\sketch\Lora.cpp.o
                0x000020fc                initializeLoRa()
 .text._ZN6Dps310D2Ev
                0x00002204       0x14 C:\Users\duart\AppData\Local\arduino\sketches\68079F437916337DF7DC6B02F8359EC4\sketch\Sensors.cpp.o
                0x00002204                Dps310::~Dps310()
                0x00002204                Dps310::~Dps310()
 .text._Z17initializeSensorsv
                0x00002218       0x38 C:\Users\duart\AppData\Local\arduino\sketches\68079F437916337DF7DC6B02F8359EC4\sketch\Sensors.cpp.o
                0x00002218                initializeSensors()
 .text._Z11readSensorsv
                0x00002250       0xd8 C:\Users\duart\AppData\Local\arduino\sketches\68079F437916337DF7DC6B02F8359EC4\sketch\Sensors.cpp.o
                0x00002250                readSensors()
 .text._Z10printToLogv
                0x00002328      0x13c C:\Users\duart\AppData\Local\arduino\sketches\68079F437916337DF7DC6B02F8359EC4\sketch\Sensors.cpp.o
                0x00002328                printToLog()
 .text.startup._GLOBAL__sub_I_Dps310PressureSensor
                0x00002464       0x44 C:\Users\duart\AppData\Local\arduino\sketches\68079F437916337DF7DC6B02F8359EC4\sketch\Sensors.cpp.o
 .text._Z11displayInfov
                0x000024a8      0x1a4 C:\Users\duart\AppData\Local\arduino\sketches\68079F437916337DF7DC6B02F8359EC4\sketch\gps.cpp.o
                0x000024a8                displayInfo()
 .text.startup._GLOBAL__sub_I_gps
                0x0000264c       0x10 C:\Users\duart\AppData\Local\arduino\sketches\68079F437916337DF7DC6B02F8359EC4\sketch\gps.cpp.o
 .text.loop     0x0000265c       0x18 C:\Users\duart\AppData\Local\arduino\sketches\68079F437916337DF7DC6B02F8359EC4\sketch\main.ino.cpp.o
                0x0000265c                loop
 .text.setup    0x00002674       0x7c C:\Users\duart\AppData\Local\arduino\sketches\68079F437916337DF7DC6B02F8359EC4\sketch\main.ino.cpp.o
                0x00002674                setup
 .text._ZN7TwoWire5writeEi
                0x000026f0        0xc C:\Users\duart\AppData\Local\arduino\sketches\68079F437916337DF7DC6B02F8359EC4\libraries\DHT20\DHT20.cpp.o
                0x000026f0                TwoWire::write(int)
 .text._ZN5DHT20C2EP7TwoWire
                0x000026fc       0x16 C:\Users\duart\AppData\Local\arduino\sketches\68079F437916337DF7DC6B02F8359EC4\libraries\DHT20\DHT20.cpp.o
                0x000026fc                DHT20::DHT20(TwoWire*)
                0x000026fc                DHT20::DHT20(TwoWire*)
 .text._ZN5DHT2011isConnectedEv
                0x00002712       0x1a C:\Users\duart\AppData\Local\arduino\sketches\68079F437916337DF7DC6B02F8359EC4\libraries\DHT20\DHT20.cpp.o
                0x00002712                DHT20::isConnected()
 .text._ZN5DHT205beginEv
                0x0000272c        0x8 C:\Users\duart\AppData\Local\arduino\sketches\68079F437916337DF7DC6B02F8359EC4\libraries\DHT20\DHT20.cpp.o
                0x0000272c                DHT20::begin()
 .text._ZN5DHT208readDataEv
                0x00002734       0x56 C:\Users\duart\AppData\Local\arduino\sketches\68079F437916337DF7DC6B02F8359EC4\libraries\DHT20\DHT20.cpp.o
                0x00002734                DHT20::readData()
 .text._ZN5DHT2011getHumidityEv
                0x0000278a        0xc C:\Users\duart\AppData\Local\arduino\sketches\68079F437916337DF7DC6B02F8359EC4\libraries\DHT20\DHT20.cpp.o
                0x0000278a                DHT20::getHumidity()
 .text._ZN5DHT2014getTemperatureEv
                0x00002796        0xc C:\Users\duart\AppData\Local\arduino\sketches\68079F437916337DF7DC6B02F8359EC4\libraries\DHT20\DHT20.cpp.o
                0x00002796                DHT20::getTemperature()
 .text._ZN5DHT2010readStatusEv
                0x000027a2       0x20 C:\Users\duart\AppData\Local\arduino\sketches\68079F437916337DF7DC6B02F8359EC4\libraries\DHT20\DHT20.cpp.o
                0x000027a2                DHT20::readStatus()
 .text._ZN5DHT2011isMeasuringEv
                0x000027c2        0xc C:\Users\duart\AppData\Local\arduino\sketches\68079F437916337DF7DC6B02F8359EC4\libraries\DHT20\DHT20.cpp.o
                0x000027c2                DHT20::isMeasuring()
 .text._ZN5DHT208lastReadEv
                0x000027ce        0x4 C:\Users\duart\AppData\Local\arduino\sketches\68079F437916337DF7DC6B02F8359EC4\libraries\DHT20\DHT20.cpp.o
                0x000027ce                DHT20::lastRead()
 .text._ZN5DHT205_crc8EPhh
                0x000027d2       0x2e C:\Users\duart\AppData\Local\arduino\sketches\68079F437916337DF7DC6B02F8359EC4\libraries\DHT20\DHT20.cpp.o
                0x000027d2                DHT20::_crc8(unsigned char*, unsigned char)
 .text._ZN5DHT207convertEv
                0x00002800       0x84 C:\Users\duart\AppData\Local\arduino\sketches\68079F437916337DF7DC6B02F8359EC4\libraries\DHT20\DHT20.cpp.o
                0x00002800                DHT20::convert()
 .text._ZN5DHT2014_resetRegisterEh
                0x00002884       0xa6 C:\Users\duart\AppData\Local\arduino\sketches\68079F437916337DF7DC6B02F8359EC4\libraries\DHT20\DHT20.cpp.o
                0x00002884                DHT20::_resetRegister(unsigned char)
 .text._ZN5DHT2011resetSensorEv
                0x0000292a       0x46 C:\Users\duart\AppData\Local\arduino\sketches\68079F437916337DF7DC6B02F8359EC4\libraries\DHT20\DHT20.cpp.o
                0x0000292a                DHT20::resetSensor()
 .text._ZN5DHT2011requestDataEv
                0x00002970       0x3a C:\Users\duart\AppData\Local\arduino\sketches\68079F437916337DF7DC6B02F8359EC4\libraries\DHT20\DHT20.cpp.o
                0x00002970                DHT20::requestData()
 *fill*         0x000029aa        0x2 
 .text._ZN5DHT204readEv
                0x000029ac       0x5c C:\Users\duart\AppData\Local\arduino\sketches\68079F437916337DF7DC6B02F8359EC4\libraries\DHT20\DHT20.cpp.o
                0x000029ac                DHT20::read()
 .text._ZN5Print17availableForWriteEv
                0x00002a08        0x4 C:\Users\duart\AppData\Local\arduino\sketches\68079F437916337DF7DC6B02F8359EC4\libraries\Wire\Wire.cpp.o
                0x00002a08                Print::availableForWrite()
 .text._ZN7TwoWire5writeEPKhj
                0x00002a0c       0x24 C:\Users\duart\AppData\Local\arduino\sketches\68079F437916337DF7DC6B02F8359EC4\libraries\Wire\Wire.cpp.o
                0x00002a0c                TwoWire::write(unsigned char const*, unsigned int)
 .text._ZN7TwoWire5flushEv
                0x00002a30        0x2 C:\Users\duart\AppData\Local\arduino\sketches\68079F437916337DF7DC6B02F8359EC4\libraries\Wire\Wire.cpp.o
                0x00002a30                TwoWire::flush()
 .text._ZN7TwoWire4peekEv
                0x00002a32       0x1a C:\Users\duart\AppData\Local\arduino\sketches\68079F437916337DF7DC6B02F8359EC4\libraries\Wire\Wire.cpp.o
                0x00002a32                TwoWire::peek()
 .text._ZN7TwoWire9availableEv
                0x00002a4c       0x12 C:\Users\duart\AppData\Local\arduino\sketches\68079F437916337DF7DC6B02F8359EC4\libraries\Wire\Wire.cpp.o
                0x00002a4c                TwoWire::available()
 *fill*         0x00002a5e        0x2 
 .text._ZN7TwoWireC2EP6SERCOMhh
                0x00002a60       0x60 C:\Users\duart\AppData\Local\arduino\sketches\68079F437916337DF7DC6B02F8359EC4\libraries\Wire\Wire.cpp.o
                0x00002a60                TwoWire::TwoWire(SERCOM*, unsigned char, unsigned char)
                0x00002a60                TwoWire::TwoWire(SERCOM*, unsigned char, unsigned char)
 .text._ZN7TwoWire5beginEv
                0x00002ac0       0x40 C:\Users\duart\AppData\Local\arduino\sketches\68079F437916337DF7DC6B02F8359EC4\libraries\Wire\Wire.cpp.o
                0x00002ac0                TwoWire::begin()
 .text._ZN7TwoWire17beginTransmissionEh
                0x00002b00       0x16 C:\Users\duart\AppData\Local\arduino\sketches\68079F437916337DF7DC6B02F8359EC4\libraries\Wire\Wire.cpp.o
                0x00002b00                TwoWire::beginTransmission(unsigned char)
 .text._ZN11RingBufferNILi256EE10store_charEh
                0x00002b16       0x1a C:\Users\duart\AppData\Local\arduino\sketches\68079F437916337DF7DC6B02F8359EC4\libraries\Wire\Wire.cpp.o
                0x00002b16                RingBufferN<256>::store_char(unsigned char)
 .text._ZN7TwoWire11requestFromEhjb
                0x00002b30       0x62 C:\Users\duart\AppData\Local\arduino\sketches\68079F437916337DF7DC6B02F8359EC4\libraries\Wire\Wire.cpp.o
                0x00002b30                TwoWire::requestFrom(unsigned char, unsigned int, bool)
 .text._ZN7TwoWire11requestFromEhj
                0x00002b92        0xa C:\Users\duart\AppData\Local\arduino\sketches\68079F437916337DF7DC6B02F8359EC4\libraries\Wire\Wire.cpp.o
                0x00002b92                TwoWire::requestFrom(unsigned char, unsigned int)
 .text._ZN7TwoWire5writeEh
                0x00002b9c       0x2a C:\Users\duart\AppData\Local\arduino\sketches\68079F437916337DF7DC6B02F8359EC4\libraries\Wire\Wire.cpp.o
                0x00002b9c                TwoWire::write(unsigned char)
 .text._ZN11RingBufferNILi256EE9read_charEv
                0x00002bc6       0x20 C:\Users\duart\AppData\Local\arduino\sketches\68079F437916337DF7DC6B02F8359EC4\libraries\Wire\Wire.cpp.o
                0x00002bc6                RingBufferN<256>::read_char()
 .text._ZN7TwoWire15endTransmissionEb
                0x00002be6       0x70 C:\Users\duart\AppData\Local\arduino\sketches\68079F437916337DF7DC6B02F8359EC4\libraries\Wire\Wire.cpp.o
                0x00002be6                TwoWire::endTransmission(bool)
 .text._ZN7TwoWire15endTransmissionEv
                0x00002c56        0xa C:\Users\duart\AppData\Local\arduino\sketches\68079F437916337DF7DC6B02F8359EC4\libraries\Wire\Wire.cpp.o
                0x00002c56                TwoWire::endTransmission()
 .text._ZN7TwoWire4readEv
                0x00002c60        0xa C:\Users\duart\AppData\Local\arduino\sketches\68079F437916337DF7DC6B02F8359EC4\libraries\Wire\Wire.cpp.o
                0x00002c60                TwoWire::read()
 .text._ZN7TwoWire9onServiceEv
                0x00002c6a      0x11c C:\Users\duart\AppData\Local\arduino\sketches\68079F437916337DF7DC6B02F8359EC4\libraries\Wire\Wire.cpp.o
                0x00002c6a                TwoWire::onService()
 *fill*         0x00002d86        0x2 
 .text.SERCOM3_Handler
                0x00002d88       0x10 C:\Users\duart\AppData\Local\arduino\sketches\68079F437916337DF7DC6B02F8359EC4\libraries\Wire\Wire.cpp.o
                0x00002d88                SERCOM3_Handler
 .text.startup._GLOBAL__sub_I__ZN7TwoWireC2EP6SERCOMhh
                0x00002d98       0x18 C:\Users\duart\AppData\Local\arduino\sketches\68079F437916337DF7DC6B02F8359EC4\libraries\Wire\Wire.cpp.o
 .text._ZN20DigitalLightISL29035C2Ev
                0x00002db0       0x58 C:\Users\duart\AppData\Local\arduino\sketches\68079F437916337DF7DC6B02F8359EC4\libraries\Grove_-_Digital_Light_Sensor\Digital_Light_ISL29035.cpp.o
                0x00002db0                DigitalLightISL29035::DigitalLightISL29035()
                0x00002db0                DigitalLightISL29035::DigitalLightISL29035()
 .text.startup._GLOBAL__sub_I__ZN20DigitalLightISL29035C2Ev
                0x00002e08       0x10 C:\Users\duart\AppData\Local\arduino\sketches\68079F437916337DF7DC6B02F8359EC4\libraries\Grove_-_Digital_Light_Sensor\Digital_Light_ISL29035.cpp.o
 .text._ZN20TSL2561_CalculateLux12calculateLuxEjji
                0x00002e18      0x180 C:\Users\duart\AppData\Local\arduino\sketches\68079F437916337DF7DC6B02F8359EC4\libraries\Grove_-_Digital_Light_Sensor\Digital_Light_TSL2561.cpp.o
                0x00002e18                TSL2561_CalculateLux::calculateLux(unsigned int, unsigned int, int)
 .text.startup._GLOBAL__sub_I__ZN20TSL2561_CalculateLuxC2Em
                0x00002f98       0x10 C:\Users\duart\AppData\Local\arduino\sketches\68079F437916337DF7DC6B02F8359EC4\libraries\Grove_-_Digital_Light_Sensor\Digital_Light_TSL2561.cpp.o
 .text._ZN20TSL2561_CalculateLux13writeRegisterEiih
                0x00002fa8       0x2c C:\Users\duart\AppData\Local\arduino\sketches\68079F437916337DF7DC6B02F8359EC4\libraries\Grove_-_Digital_Light_Sensor\Digital_Light_TSL2561.cpp.o
                0x00002fa8                TSL2561_CalculateLux::writeRegister(int, int, unsigned char)
 .text._ZN20TSL2561_CalculateLux4initEv
                0x00002fd4       0x34 C:\Users\duart\AppData\Local\arduino\sketches\68079F437916337DF7DC6B02F8359EC4\libraries\Grove_-_Digital_Light_Sensor\Digital_Light_TSL2561.cpp.o
                0x00002fd4                TSL2561_CalculateLux::init()
 .text._ZN20TSL2561_CalculateLux12readRegisterEii
                0x00003008       0x60 C:\Users\duart\AppData\Local\arduino\sketches\68079F437916337DF7DC6B02F8359EC4\libraries\Grove_-_Digital_Light_Sensor\Digital_Light_TSL2561.cpp.o
                0x00003008                TSL2561_CalculateLux::readRegister(int, int)
 .text._ZN20TSL2561_CalculateLux6getLuxEv
                0x00003068       0x46 C:\Users\duart\AppData\Local\arduino\sketches\68079F437916337DF7DC6B02F8359EC4\libraries\Grove_-_Digital_Light_Sensor\Digital_Light_TSL2561.cpp.o
                0x00003068                TSL2561_CalculateLux::getLux()
 *fill*         0x000030ae        0x2 
 .text._ZN20TSL2561_CalculateLux14readVisibleLuxEv
                0x000030b0       0x5c C:\Users\duart\AppData\Local\arduino\sketches\68079F437916337DF7DC6B02F8359EC4\libraries\Grove_-_Digital_Light_Sensor\Digital_Light_TSL2561.cpp.o
                0x000030b0                TSL2561_CalculateLux::readVisibleLux()
 .text._ZN12LoRaWanClassC2Ev
                0x0000310c       0x12 C:\Users\duart\AppData\Local\arduino\sketches\68079F437916337DF7DC6B02F8359EC4\libraries\LoRaWan\LoRaWan.cpp.o
                0x0000310c                LoRaWanClass::LoRaWanClass()
                0x0000310c                LoRaWanClass::LoRaWanClass()
 *fill*         0x0000311e        0x2 
 .text.startup._GLOBAL__sub_I__ZN12LoRaWanClassC2Ev
                0x00003120       0x10 C:\Users\duart\AppData\Local\arduino\sketches\68079F437916337DF7DC6B02F8359EC4\libraries\LoRaWan\LoRaWan.cpp.o
 .text._ZN12LoRaWanClass4initEv
                0x00003130       0x14 C:\Users\duart\AppData\Local\arduino\sketches\68079F437916337DF7DC6B02F8359EC4\libraries\LoRaWan\LoRaWan.cpp.o
                0x00003130                LoRaWanClass::init()
 .text._ZN12LoRaWanClass10readBufferEPcsh
                0x00003144       0x4c C:\Users\duart\AppData\Local\arduino\sketches\68079F437916337DF7DC6B02F8359EC4\libraries\LoRaWan\LoRaWan.cpp.o
                0x00003144                LoRaWanClass::readBuffer(char*, short, unsigned char)
 .text._ZN12LoRaWanClass10getVersionEPcsh
                0x00003190       0x40 C:\Users\duart\AppData\Local\arduino\sketches\68079F437916337DF7DC6B02F8359EC4\libraries\LoRaWan\LoRaWan.cpp.o
                0x00003190                LoRaWanClass::getVersion(char*, short, unsigned char)
 .text._ZN12LoRaWanClass5getIdEPcsh
                0x000031d0       0x40 C:\Users\duart\AppData\Local\arduino\sketches\68079F437916337DF7DC6B02F8359EC4\libraries\LoRaWan\LoRaWan.cpp.o
                0x000031d0                LoRaWanClass::getId(char*, short, unsigned char)
 .text._ZN12LoRaWanClass14loraDebugPrintEh.constprop.1
                0x00003210       0x40 C:\Users\duart\AppData\Local\arduino\sketches\68079F437916337DF7DC6B02F8359EC4\libraries\LoRaWan\LoRaWan.cpp.o
 .text._ZN12LoRaWanClass11setOTAAJoinE16_otaa_join_cmd_th
                0x00003250       0x80 C:\Users\duart\AppData\Local\arduino\sketches\68079F437916337DF7DC6B02F8359EC4\libraries\LoRaWan\LoRaWan.cpp.o
                0x00003250                LoRaWanClass::setOTAAJoin(_otaa_join_cmd_t, unsigned char)
 .text._ZN12LoRaWanClass13setDeciveModeE14_device_mode_t
                0x000032d0       0x30 C:\Users\duart\AppData\Local\arduino\sketches\68079F437916337DF7DC6B02F8359EC4\libraries\LoRaWan\LoRaWan.cpp.o
                0x000032d0                LoRaWanClass::setDeciveMode(_device_mode_t)
 .text._ZN12LoRaWanClass16setJoinDutyCycleEb
                0x00003300       0x2c C:\Users\duart\AppData\Local\arduino\sketches\68079F437916337DF7DC6B02F8359EC4\libraries\LoRaWan\LoRaWan.cpp.o
                0x00003300                LoRaWanClass::setJoinDutyCycle(bool)
 .text._ZN12LoRaWanClass12setDutyCycleEb
                0x0000332c       0x2c C:\Users\duart\AppData\Local\arduino\sketches\68079F437916337DF7DC6B02F8359EC4\libraries\LoRaWan\LoRaWan.cpp.o
                0x0000332c                LoRaWanClass::setDutyCycle(bool)
 .text._ZN12LoRaWanClass22setReceiceWindowSecondEf12_data_rate_t
                0x00003358       0x60 C:\Users\duart\AppData\Local\arduino\sketches\68079F437916337DF7DC6B02F8359EC4\libraries\LoRaWan\LoRaWan.cpp.o
                0x00003358                LoRaWanClass::setReceiceWindowSecond(float, _data_rate_t)
 .text._ZN12LoRaWanClass21setReceiceWindowFirstEhf
                0x000033b8       0x64 C:\Users\duart\AppData\Local\arduino\sketches\68079F437916337DF7DC6B02F8359EC4\libraries\LoRaWan\LoRaWan.cpp.o
                0x000033b8                LoRaWanClass::setReceiceWindowFirst(unsigned char, float)
 .text._ZN12LoRaWanClass10setChannelEhf
                0x0000341c       0x64 C:\Users\duart\AppData\Local\arduino\sketches\68079F437916337DF7DC6B02F8359EC4\libraries\LoRaWan\LoRaWan.cpp.o
                0x0000341c                LoRaWanClass::setChannel(unsigned char, float)
 .text._ZN12LoRaWanClass8setPowerEs
                0x00003480       0x3c C:\Users\duart\AppData\Local\arduino\sketches\68079F437916337DF7DC6B02F8359EC4\libraries\LoRaWan\LoRaWan.cpp.o
                0x00003480                LoRaWanClass::setPower(short)
 .text._ZN12LoRaWanClass11setDataRateE12_data_rate_t16_physical_type_t
                0x000034bc       0xbc C:\Users\duart\AppData\Local\arduino\sketches\68079F437916337DF7DC6B02F8359EC4\libraries\LoRaWan\LoRaWan.cpp.o
                0x000034bc                LoRaWanClass::setDataRate(_data_rate_t, _physical_type_t)
 .text._ZN12LoRaWanClass6setKeyEPcS0_S0_
                0x00003578       0xa4 C:\Users\duart\AppData\Local\arduino\sketches\68079F437916337DF7DC6B02F8359EC4\libraries\LoRaWan\LoRaWan.cpp.o
                0x00003578                LoRaWanClass::setKey(char*, char*, char*)
 .text._ZN6Dps3108calcTempEl
                0x0000361c       0x44 C:\Users\duart\AppData\Local\arduino\sketches\68079F437916337DF7DC6B02F8359EC4\libraries\DigitalPressureSensor\Dps310.cpp.o
                0x0000361c                Dps310::calcTemp(long)
 .text._ZN6Dps31012calcPressureEl
                0x00003660       0xb4 C:\Users\duart\AppData\Local\arduino\sketches\68079F437916337DF7DC6B02F8359EC4\libraries\DigitalPressureSensor\Dps310.cpp.o
                0x00003660                Dps310::calcPressure(long)
 .text._ZN6Dps3109flushFIFOEv
                0x00003714       0x20 C:\Users\duart\AppData\Local\arduino\sketches\68079F437916337DF7DC6B02F8359EC4\libraries\DigitalPressureSensor\Dps310.cpp.o
                0x00003714                Dps310::flushFIFO()
 .text._ZN6Dps3104initEv
                0x00003734       0xbc C:\Users\duart\AppData\Local\arduino\sketches\68079F437916337DF7DC6B02F8359EC4\libraries\DigitalPressureSensor\Dps310.cpp.o
                0x00003734                Dps310::init()
 .text._ZN6Dps31010readcoeffsEv
                0x000037f0      0x100 C:\Users\duart\AppData\Local\arduino\sketches\68079F437916337DF7DC6B02F8359EC4\libraries\DigitalPressureSensor\Dps310.cpp.o
                0x000037f0                Dps310::readcoeffs()
 .text._ZN6Dps31010configTempEhh
                0x000038f0       0x48 C:\Users\duart\AppData\Local\arduino\sketches\68079F437916337DF7DC6B02F8359EC4\libraries\DigitalPressureSensor\Dps310.cpp.o
                0x000038f0                Dps310::configTemp(unsigned char, unsigned char)
 .text._ZN6Dps31014configPressureEhh
                0x00003938       0x30 C:\Users\duart\AppData\Local\arduino\sketches\68079F437916337DF7DC6B02F8359EC4\libraries\DigitalPressureSensor\Dps310.cpp.o
                0x00003938                Dps310::configPressure(unsigned char, unsigned char)
 .text._ZN8DpsClassC2Ev
                0x00003968       0x10 C:\Users\duart\AppData\Local\arduino\sketches\68079F437916337DF7DC6B02F8359EC4\libraries\DigitalPressureSensor\DpsClass.cpp.o
                0x00003968                DpsClass::DpsClass()
                0x00003968                DpsClass::DpsClass()
 .text._ZN8DpsClass5beginER7TwoWireh
                0x00003978       0x2a C:\Users\duart\AppData\Local\arduino\sketches\68079F437916337DF7DC6B02F8359EC4\libraries\DigitalPressureSensor\DpsClass.cpp.o
                0x00003978                DpsClass::begin(TwoWire&, unsigned char)
 .text._ZN8DpsClass5beginER7TwoWire
                0x000039a2        0xa C:\Users\duart\AppData\Local\arduino\sketches\68079F437916337DF7DC6B02F8359EC4\libraries\DigitalPressureSensor\DpsClass.cpp.o
                0x000039a2                DpsClass::begin(TwoWire&)
 .text._ZN8DpsClass11readByteSPIEh
                0x000039ac       0x5c C:\Users\duart\AppData\Local\arduino\sketches\68079F437916337DF7DC6B02F8359EC4\libraries\DigitalPressureSensor\DpsClass.cpp.o
                0x000039ac                DpsClass::readByteSPI(unsigned char)
 .text._ZN8DpsClass8readByteEh
                0x00003a08       0x56 C:\Users\duart\AppData\Local\arduino\sketches\68079F437916337DF7DC6B02F8359EC4\libraries\DigitalPressureSensor\DpsClass.cpp.o
                0x00003a08                DpsClass::readByte(unsigned char)
 *fill*         0x00003a5e        0x2 
 .text._ZN8DpsClass12readBlockSPIE10RegBlock_tPh
                0x00003a60       0x80 C:\Users\duart\AppData\Local\arduino\sketches\68079F437916337DF7DC6B02F8359EC4\libraries\DigitalPressureSensor\DpsClass.cpp.o
                0x00003a60                DpsClass::readBlockSPI(RegBlock_t, unsigned char*)
 .text._ZN8DpsClass12writeByteSpiEhhh
                0x00003ae0       0x78 C:\Users\duart\AppData\Local\arduino\sketches\68079F437916337DF7DC6B02F8359EC4\libraries\DigitalPressureSensor\DpsClass.cpp.o
                0x00003ae0                DpsClass::writeByteSpi(unsigned char, unsigned char, unsigned char)
 .text._ZN8DpsClass9writeByteEhhh
                0x00003b58       0x60 C:\Users\duart\AppData\Local\arduino\sketches\68079F437916337DF7DC6B02F8359EC4\libraries\DigitalPressureSensor\DpsClass.cpp.o
                0x00003b58                DpsClass::writeByte(unsigned char, unsigned char, unsigned char)
 .text._ZN8DpsClass9writeByteEhh
                0x00003bb8        0xa C:\Users\duart\AppData\Local\arduino\sketches\68079F437916337DF7DC6B02F8359EC4\libraries\DigitalPressureSensor\DpsClass.cpp.o
                0x00003bb8                DpsClass::writeByte(unsigned char, unsigned char)
 .text._ZN8DpsClass17writeByteBitfieldEhhhhh
                0x00003bc2       0x3c C:\Users\duart\AppData\Local\arduino\sketches\68079F437916337DF7DC6B02F8359EC4\libraries\DigitalPressureSensor\DpsClass.cpp.o
                0x00003bc2                DpsClass::writeByteBitfield(unsigned char, unsigned char, unsigned char, unsigned char, unsigned char)
 .text._ZN8DpsClass17writeByteBitfieldEh9RegMask_t
                0x00003bfe       0x1c C:\Users\duart\AppData\Local\arduino\sketches\68079F437916337DF7DC6B02F8359EC4\libraries\DigitalPressureSensor\DpsClass.cpp.o
                0x00003bfe                DpsClass::writeByteBitfield(unsigned char, RegMask_t)
 *fill*         0x00003c1a        0x2 
 .text._ZN8DpsClass9setOpModeEh
                0x00003c1c       0x2c C:\Users\duart\AppData\Local\arduino\sketches\68079F437916337DF7DC6B02F8359EC4\libraries\DigitalPressureSensor\DpsClass.cpp.o
                0x00003c1c                DpsClass::setOpMode(unsigned char)
 .text._ZN8DpsClass20startMeasureTempOnceEh
                0x00003c48       0x3c C:\Users\duart\AppData\Local\arduino\sketches\68079F437916337DF7DC6B02F8359EC4\libraries\DigitalPressureSensor\DpsClass.cpp.o
                0x00003c48                DpsClass::startMeasureTempOnce(unsigned char)
 .text._ZN8DpsClass24startMeasurePressureOnceEh
                0x00003c84       0x3c C:\Users\duart\AppData\Local\arduino\sketches\68079F437916337DF7DC6B02F8359EC4\libraries\DigitalPressureSensor\DpsClass.cpp.o
                0x00003c84                DpsClass::startMeasurePressureOnce(unsigned char)
 .text._ZN8DpsClass10configTempEhh
                0x00003cc0       0x4c C:\Users\duart\AppData\Local\arduino\sketches\68079F437916337DF7DC6B02F8359EC4\libraries\DigitalPressureSensor\DpsClass.cpp.o
                0x00003cc0                DpsClass::configTemp(unsigned char, unsigned char)
 .text._ZN8DpsClass14configPressureEhh
                0x00003d0c       0x4c C:\Users\duart\AppData\Local\arduino\sketches\68079F437916337DF7DC6B02F8359EC4\libraries\DigitalPressureSensor\DpsClass.cpp.o
                0x00003d0c                DpsClass::configPressure(unsigned char, unsigned char)
 .text._ZN8DpsClass11disableFIFOEv
                0x00003d58       0x2c C:\Users\duart\AppData\Local\arduino\sketches\68079F437916337DF7DC6B02F8359EC4\libraries\DigitalPressureSensor\DpsClass.cpp.o
                0x00003d58                DpsClass::disableFIFO()
 .text._ZN8DpsClass7standbyEv
                0x00003d84       0x20 C:\Users\duart\AppData\Local\arduino\sketches\68079F437916337DF7DC6B02F8359EC4\libraries\DigitalPressureSensor\DpsClass.cpp.o
                0x00003d84                DpsClass::standby()
 .text._ZN8DpsClassD2Ev
                0x00003da4       0x18 C:\Users\duart\AppData\Local\arduino\sketches\68079F437916337DF7DC6B02F8359EC4\libraries\DigitalPressureSensor\DpsClass.cpp.o
                0x00003da4                DpsClass::~DpsClass()
                0x00003da4                DpsClass::~DpsClass()
 .text._ZN8DpsClass16readByteBitfieldE9RegMask_t
                0x00003dbc       0x1a C:\Users\duart\AppData\Local\arduino\sketches\68079F437916337DF7DC6B02F8359EC4\libraries\DigitalPressureSensor\DpsClass.cpp.o
                0x00003dbc                DpsClass::readByteBitfield(RegMask_t)
 .text._ZN8DpsClass9readBlockE10RegBlock_tPh
                0x00003dd6       0x6a C:\Users\duart\AppData\Local\arduino\sketches\68079F437916337DF7DC6B02F8359EC4\libraries\DigitalPressureSensor\DpsClass.cpp.o
                0x00003dd6                DpsClass::readBlock(RegBlock_t, unsigned char*)
 .text._ZN8DpsClass17getTwosComplementEPlh
                0x00003e40       0x18 C:\Users\duart\AppData\Local\arduino\sketches\68079F437916337DF7DC6B02F8359EC4\libraries\DigitalPressureSensor\DpsClass.cpp.o
                0x00003e40                DpsClass::getTwosComplement(long*, unsigned char)
 .text._ZN8DpsClass12getRawResultEPl10RegBlock_t
                0x00003e58       0x4a C:\Users\duart\AppData\Local\arduino\sketches\68079F437916337DF7DC6B02F8359EC4\libraries\DigitalPressureSensor\DpsClass.cpp.o
                0x00003e58                DpsClass::getRawResult(long*, RegBlock_t)
 *fill*         0x00003ea2        0x2 
 .text._ZN8DpsClass15getSingleResultERf
                0x00003ea4       0xac C:\Users\duart\AppData\Local\arduino\sketches\68079F437916337DF7DC6B02F8359EC4\libraries\DigitalPressureSensor\DpsClass.cpp.o
                0x00003ea4                DpsClass::getSingleResult(float&)
 .text._ZN8DpsClass15measureTempOnceERfh
                0x00003f50       0x42 C:\Users\duart\AppData\Local\arduino\sketches\68079F437916337DF7DC6B02F8359EC4\libraries\DigitalPressureSensor\DpsClass.cpp.o
                0x00003f50                DpsClass::measureTempOnce(float&, unsigned char)
 .text._ZN8DpsClass15measureTempOnceERf
                0x00003f92        0xa C:\Users\duart\AppData\Local\arduino\sketches\68079F437916337DF7DC6B02F8359EC4\libraries\DigitalPressureSensor\DpsClass.cpp.o
                0x00003f92                DpsClass::measureTempOnce(float&)
 .text._ZN8DpsClass11correctTempEv
                0x00003f9c       0x4c C:\Users\duart\AppData\Local\arduino\sketches\68079F437916337DF7DC6B02F8359EC4\libraries\DigitalPressureSensor\DpsClass.cpp.o
                0x00003f9c                DpsClass::correctTemp()
 .text._ZN8DpsClass19measurePressureOnceERfh
                0x00003fe8       0x42 C:\Users\duart\AppData\Local\arduino\sketches\68079F437916337DF7DC6B02F8359EC4\libraries\DigitalPressureSensor\DpsClass.cpp.o
                0x00003fe8                DpsClass::measurePressureOnce(float&, unsigned char)
 *fill*         0x0000402a        0x2 
 .text._ZN8SPIClassC2EP6SERCOMhhh14SercomSpiTXPad11SercomRXPad
                0x0000402c       0x74 C:\Users\duart\AppData\Local\arduino\sketches\68079F437916337DF7DC6B02F8359EC4\libraries\SPI\SPI.cpp.o
                0x0000402c                SPIClass::SPIClass(SERCOM*, unsigned char, unsigned char, unsigned char, SercomSpiTXPad, SercomRXPad)
                0x0000402c                SPIClass::SPIClass(SERCOM*, unsigned char, unsigned char, unsigned char, SercomSpiTXPad, SercomRXPad)
 .text._ZN8SPIClass6configE11SPISettings
                0x000040a0       0x36 C:\Users\duart\AppData\Local\arduino\sketches\68079F437916337DF7DC6B02F8359EC4\libraries\SPI\SPI.cpp.o
                0x000040a0                SPIClass::config(SPISettings)
 *fill*         0x000040d6        0x2 
 .text._ZN8SPIClass16beginTransactionE11SPISettings
                0x000040d8       0x38 C:\Users\duart\AppData\Local\arduino\sketches\68079F437916337DF7DC6B02F8359EC4\libraries\SPI\SPI.cpp.o
                0x000040d8                SPIClass::beginTransaction(SPISettings)
 .text._ZN8SPIClass14endTransactionEv
                0x00004110       0x28 C:\Users\duart\AppData\Local\arduino\sketches\68079F437916337DF7DC6B02F8359EC4\libraries\SPI\SPI.cpp.o
                0x00004110                SPIClass::endTransaction()
 .text._ZN8SPIClass8transferEh
                0x00004138        0xa C:\Users\duart\AppData\Local\arduino\sketches\68079F437916337DF7DC6B02F8359EC4\libraries\SPI\SPI.cpp.o
                0x00004138                SPIClass::transfer(unsigned char)
 *fill*         0x00004142        0x2 
 .text.startup._GLOBAL__sub_I__ZN8SPIClassC2EP6SERCOMhhh14SercomSpiTXPad11SercomRXPad
                0x00004144       0x38 C:\Users\duart\AppData\Local\arduino\sketches\68079F437916337DF7DC6B02F8359EC4\libraries\SPI\SPI.cpp.o
 .text._ZL22cpu_irq_enter_criticalv
                0x0000417c       0x30 C:\Users\duart\AppData\Local\arduino\sketches\68079F437916337DF7DC6B02F8359EC4\libraries\Adafruit_ZeroDMA\Adafruit_ZeroDMA.cpp.o
 .text._ZL22cpu_irq_leave_criticalv
                0x000041ac       0x2c C:\Users\duart\AppData\Local\arduino\sketches\68079F437916337DF7DC6B02F8359EC4\libraries\Adafruit_ZeroDMA\Adafruit_ZeroDMA.cpp.o
 .text._ZN16Adafruit_ZeroDMAC2Ev
                0x000041d8       0x22 C:\Users\duart\AppData\Local\arduino\sketches\68079F437916337DF7DC6B02F8359EC4\libraries\Adafruit_ZeroDMA\Adafruit_ZeroDMA.cpp.o
                0x000041d8                Adafruit_ZeroDMA::Adafruit_ZeroDMA()
                0x000041d8                Adafruit_ZeroDMA::Adafruit_ZeroDMA()
 *fill*         0x000041fa        0x2 
 .text._ZN16Adafruit_ZeroDMA11_IRQhandlerEh
                0x000041fc       0x44 C:\Users\duart\AppData\Local\arduino\sketches\68079F437916337DF7DC6B02F8359EC4\libraries\Adafruit_ZeroDMA\Adafruit_ZeroDMA.cpp.o
                0x000041fc                Adafruit_ZeroDMA::_IRQhandler(unsigned char)
 .text.DMAC_Handler
                0x00004240       0x48 C:\Users\duart\AppData\Local\arduino\sketches\68079F437916337DF7DC6B02F8359EC4\libraries\Adafruit_ZeroDMA\Adafruit_ZeroDMA.cpp.o
                0x00004240                DMAC_Handler
 .text._ZN11TinyGPSPlusC2Ev
                0x00004288       0x7e C:\Users\duart\AppData\Local\arduino\sketches\68079F437916337DF7DC6B02F8359EC4\libraries\TinyGPSPlus-master\TinyGPS++.cpp.o
                0x00004288                TinyGPSPlus::TinyGPSPlus()
                0x00004288                TinyGPSPlus::TinyGPSPlus()
 *fill*         0x00004306        0x2 
 .text._ZN15TinyGPSLocation3latEv
                0x00004308       0x48 C:\Users\duart\AppData\Local\arduino\sketches\68079F437916337DF7DC6B02F8359EC4\libraries\TinyGPSPlus-master\TinyGPS++.cpp.o
                0x00004308                TinyGPSLocation::lat()
 .text._ZN15TinyGPSLocation3lngEv
                0x00004350       0x48 C:\Users\duart\AppData\Local\arduino\sketches\68079F437916337DF7DC6B02F8359EC4\libraries\TinyGPSPlus-master\TinyGPS++.cpp.o
                0x00004350                TinyGPSLocation::lng()
 .text._ZN11TinyGPSDate4yearEv
                0x00004398       0x18 C:\Users\duart\AppData\Local\arduino\sketches\68079F437916337DF7DC6B02F8359EC4\libraries\TinyGPSPlus-master\TinyGPS++.cpp.o
                0x00004398                TinyGPSDate::year()
 .text._ZN11TinyGPSDate5monthEv
                0x000043b0       0x18 C:\Users\duart\AppData\Local\arduino\sketches\68079F437916337DF7DC6B02F8359EC4\libraries\TinyGPSPlus-master\TinyGPS++.cpp.o
                0x000043b0                TinyGPSDate::month()
 .text._ZN11TinyGPSDate3dayEv
                0x000043c8       0x18 C:\Users\duart\AppData\Local\arduino\sketches\68079F437916337DF7DC6B02F8359EC4\libraries\TinyGPSPlus-master\TinyGPS++.cpp.o
                0x000043c8                TinyGPSDate::day()
 .text._ZN11TinyGPSTime4hourEv
                0x000043e0       0x18 C:\Users\duart\AppData\Local\arduino\sketches\68079F437916337DF7DC6B02F8359EC4\libraries\TinyGPSPlus-master\TinyGPS++.cpp.o
                0x000043e0                TinyGPSTime::hour()
 .text._ZN11TinyGPSTime6minuteEv
                0x000043f8       0x1c C:\Users\duart\AppData\Local\arduino\sketches\68079F437916337DF7DC6B02F8359EC4\libraries\TinyGPSPlus-master\TinyGPS++.cpp.o
                0x000043f8                TinyGPSTime::minute()
 .text._ZN11TinyGPSTime6secondEv
                0x00004414       0x18 C:\Users\duart\AppData\Local\arduino\sketches\68079F437916337DF7DC6B02F8359EC4\libraries\TinyGPSPlus-master\TinyGPS++.cpp.o
                0x00004414                TinyGPSTime::second()
 .text._ZN11TinyGPSTime11centisecondEv
                0x0000442c       0x12 C:\Users\duart\AppData\Local\arduino\sketches\68079F437916337DF7DC6B02F8359EC4\libraries\TinyGPSPlus-master\TinyGPS++.cpp.o
                0x0000442c                TinyGPSTime::centisecond()
 *fill*         0x0000443e        0x2 
 .text.SERCOM0_Handler
                0x00004440       0x10 C:\Users\duart\AppData\Local\arduino\sketches\68079F437916337DF7DC6B02F8359EC4\core\variant.cpp.o
                0x00004440                SERCOM0_Handler
 .text.SERCOM5_Handler
                0x00004450       0x10 C:\Users\duart\AppData\Local\arduino\sketches\68079F437916337DF7DC6B02F8359EC4\core\variant.cpp.o
                0x00004450                SERCOM5_Handler
 .text.SERCOM1_Handler
                0x00004460       0x10 C:\Users\duart\AppData\Local\arduino\sketches\68079F437916337DF7DC6B02F8359EC4\core\variant.cpp.o
                0x00004460                SERCOM1_Handler
 .text.startup._GLOBAL__sub_I_g_APinDescription
                0x00004470       0xa8 C:\Users\duart\AppData\Local\arduino\sketches\68079F437916337DF7DC6B02F8359EC4\core\variant.cpp.o
 .text._ZN5Print5writeEPKhj
                0x00004518       0x28 C:\Users\duart\AppData\Local\arduino\sketches\68079F437916337DF7DC6B02F8359EC4/..\..\cores\Seeeduino_samd_rolawan_usbstack_arduino,debug_off_a0806429c01b778d2e97bb92b1158949\core.a(Print.cpp.o)
                0x00004518                Print::write(unsigned char const*, unsigned int)
 .text._ZN5Print5writeEPKc.part.2
                0x00004540       0x1a C:\Users\duart\AppData\Local\arduino\sketches\68079F437916337DF7DC6B02F8359EC4/..\..\cores\Seeeduino_samd_rolawan_usbstack_arduino,debug_off_a0806429c01b778d2e97bb92b1158949\core.a(Print.cpp.o)
 .text._ZN5Print5writeEPKc
                0x0000455a       0x10 C:\Users\duart\AppData\Local\arduino\sketches\68079F437916337DF7DC6B02F8359EC4/..\..\cores\Seeeduino_samd_rolawan_usbstack_arduino,debug_off_a0806429c01b778d2e97bb92b1158949\core.a(Print.cpp.o)
                0x0000455a                Print::write(char const*)
 .text._ZN5Print5printEPK19__FlashStringHelper
                0x0000456a        0x8 C:\Users\duart\AppData\Local\arduino\sketches\68079F437916337DF7DC6B02F8359EC4/..\..\cores\Seeeduino_samd_rolawan_usbstack_arduino,debug_off_a0806429c01b778d2e97bb92b1158949\core.a(Print.cpp.o)
                0x0000456a                Print::print(__FlashStringHelper const*)
 .text._ZN5Print5printEPKc
                0x00004572        0x8 C:\Users\duart\AppData\Local\arduino\sketches\68079F437916337DF7DC6B02F8359EC4/..\..\cores\Seeeduino_samd_rolawan_usbstack_arduino,debug_off_a0806429c01b778d2e97bb92b1158949\core.a(Print.cpp.o)
                0x00004572                Print::print(char const*)
 .text._ZN5Print5printEc
                0x0000457a        0xa C:\Users\duart\AppData\Local\arduino\sketches\68079F437916337DF7DC6B02F8359EC4/..\..\cores\Seeeduino_samd_rolawan_usbstack_arduino,debug_off_a0806429c01b778d2e97bb92b1158949\core.a(Print.cpp.o)
                0x0000457a                Print::print(char)
 .text._ZN5Print7printlnEv
                0x00004584       0x10 C:\Users\duart\AppData\Local\arduino\sketches\68079F437916337DF7DC6B02F8359EC4/..\..\cores\Seeeduino_samd_rolawan_usbstack_arduino,debug_off_a0806429c01b778d2e97bb92b1158949\core.a(Print.cpp.o)
                0x00004584                Print::println()
 .text._ZN5Print7printlnEPKc
                0x00004594       0x14 C:\Users\duart\AppData\Local\arduino\sketches\68079F437916337DF7DC6B02F8359EC4/..\..\cores\Seeeduino_samd_rolawan_usbstack_arduino,debug_off_a0806429c01b778d2e97bb92b1158949\core.a(Print.cpp.o)
                0x00004594                Print::println(char const*)
 .text._ZN5Print11printNumberEmh
                0x000045a8       0x48 C:\Users\duart\AppData\Local\arduino\sketches\68079F437916337DF7DC6B02F8359EC4/..\..\cores\Seeeduino_samd_rolawan_usbstack_arduino,debug_off_a0806429c01b778d2e97bb92b1158949\core.a(Print.cpp.o)
                0x000045a8                Print::printNumber(unsigned long, unsigned char)
 .text._ZN5Print5printEli
                0x000045f0       0x3e C:\Users\duart\AppData\Local\arduino\sketches\68079F437916337DF7DC6B02F8359EC4/..\..\cores\Seeeduino_samd_rolawan_usbstack_arduino,debug_off_a0806429c01b778d2e97bb92b1158949\core.a(Print.cpp.o)
                0x000045f0                Print::print(long, int)
 .text._ZN5Print5printEii
                0x0000462e        0x8 C:\Users\duart\AppData\Local\arduino\sketches\68079F437916337DF7DC6B02F8359EC4/..\..\cores\Seeeduino_samd_rolawan_usbstack_arduino,debug_off_a0806429c01b778d2e97bb92b1158949\core.a(Print.cpp.o)
                0x0000462e                Print::print(int, int)
 .text._ZN5Print5printEmi
                0x00004636       0x18 C:\Users\duart\AppData\Local\arduino\sketches\68079F437916337DF7DC6B02F8359EC4/..\..\cores\Seeeduino_samd_rolawan_usbstack_arduino,debug_off_a0806429c01b778d2e97bb92b1158949\core.a(Print.cpp.o)
                0x00004636                Print::print(unsigned long, int)
 .text._ZN5Print5printEhi
                0x0000464e        0x8 C:\Users\duart\AppData\Local\arduino\sketches\68079F437916337DF7DC6B02F8359EC4/..\..\cores\Seeeduino_samd_rolawan_usbstack_arduino,debug_off_a0806429c01b778d2e97bb92b1158949\core.a(Print.cpp.o)
                0x0000464e                Print::print(unsigned char, int)
 *fill*         0x00004656        0x2 
 .text._ZN5Print10printFloatEdh
                0x00004658      0x16c C:\Users\duart\AppData\Local\arduino\sketches\68079F437916337DF7DC6B02F8359EC4/..\..\cores\Seeeduino_samd_rolawan_usbstack_arduino,debug_off_a0806429c01b778d2e97bb92b1158949\core.a(Print.cpp.o)
                0x00004658                Print::printFloat(double, unsigned char)
 .text._ZN5Print5printEdi
                0x000047c4       0x12 C:\Users\duart\AppData\Local\arduino\sketches\68079F437916337DF7DC6B02F8359EC4/..\..\cores\Seeeduino_samd_rolawan_usbstack_arduino,debug_off_a0806429c01b778d2e97bb92b1158949\core.a(Print.cpp.o)
                0x000047c4                Print::print(double, int)
 .text._ZN5Print7printlnEdi
                0x000047d6       0x20 C:\Users\duart\AppData\Local\arduino\sketches\68079F437916337DF7DC6B02F8359EC4/..\..\cores\Seeeduino_samd_rolawan_usbstack_arduino,debug_off_a0806429c01b778d2e97bb92b1158949\core.a(Print.cpp.o)
                0x000047d6                Print::println(double, int)
 .text.__wrap__write
                0x000047f6        0x4 C:\Users\duart\AppData\Local\arduino\sketches\68079F437916337DF7DC6B02F8359EC4/..\..\cores\Seeeduino_samd_rolawan_usbstack_arduino,debug_off_a0806429c01b778d2e97bb92b1158949\core.a(Retarget.cpp.o)
                0x000047f6                __wrap__write
 .text._ZN6SERCOMC2EP6Sercom
                0x000047fa        0x4 C:\Users\duart\AppData\Local\arduino\sketches\68079F437916337DF7DC6B02F8359EC4/..\..\cores\Seeeduino_samd_rolawan_usbstack_arduino,debug_off_a0806429c01b778d2e97bb92b1158949\core.a(SERCOM.cpp.o)
                0x000047fa                SERCOM::SERCOM(Sercom*)
                0x000047fa                SERCOM::SERCOM(Sercom*)
 .text._ZN6SERCOM9initFrameE18SercomUartCharSize15SercomDataOrder16SercomParityMode19SercomNumberStopBit
                0x000047fe       0x3a C:\Users\duart\AppData\Local\arduino\sketches\68079F437916337DF7DC6B02F8359EC4/..\..\cores\Seeeduino_samd_rolawan_usbstack_arduino,debug_off_a0806429c01b778d2e97bb92b1158949\core.a(SERCOM.cpp.o)
                0x000047fe                SERCOM::initFrame(SercomUartCharSize, SercomDataOrder, SercomParityMode, SercomNumberStopBit)
 .text._ZN6SERCOM8initPadsE15SercomUartTXPad11SercomRXPad
                0x00004838       0x26 C:\Users\duart\AppData\Local\arduino\sketches\68079F437916337DF7DC6B02F8359EC4/..\..\cores\Seeeduino_samd_rolawan_usbstack_arduino,debug_off_a0806429c01b778d2e97bb92b1158949\core.a(SERCOM.cpp.o)
                0x00004838                SERCOM::initPads(SercomUartTXPad, SercomRXPad)
 .text._ZN6SERCOM9resetUARTEv
                0x0000485e       0x1a C:\Users\duart\AppData\Local\arduino\sketches\68079F437916337DF7DC6B02F8359EC4/..\..\cores\Seeeduino_samd_rolawan_usbstack_arduino,debug_off_a0806429c01b778d2e97bb92b1158949\core.a(SERCOM.cpp.o)
                0x0000485e                SERCOM::resetUART()
 .text._ZN6SERCOM10enableUARTEv
                0x00004878       0x14 C:\Users\duart\AppData\Local\arduino\sketches\68079F437916337DF7DC6B02F8359EC4/..\..\cores\Seeeduino_samd_rolawan_usbstack_arduino,debug_off_a0806429c01b778d2e97bb92b1158949\core.a(SERCOM.cpp.o)
                0x00004878                SERCOM::enableUART()
 .text._ZN6SERCOM9flushUARTEv
                0x0000488c       0x10 C:\Users\duart\AppData\Local\arduino\sketches\68079F437916337DF7DC6B02F8359EC4/..\..\cores\Seeeduino_samd_rolawan_usbstack_arduino,debug_off_a0806429c01b778d2e97bb92b1158949\core.a(SERCOM.cpp.o)
                0x0000488c                SERCOM::flushUART()
 .text._ZN6SERCOM15clearStatusUARTEv
                0x0000489c        0x8 C:\Users\duart\AppData\Local\arduino\sketches\68079F437916337DF7DC6B02F8359EC4/..\..\cores\Seeeduino_samd_rolawan_usbstack_arduino,debug_off_a0806429c01b778d2e97bb92b1158949\core.a(SERCOM.cpp.o)
                0x0000489c                SERCOM::clearStatusUART()
 .text._ZN6SERCOM17availableDataUARTEv
                0x000048a4        0xa C:\Users\duart\AppData\Local\arduino\sketches\68079F437916337DF7DC6B02F8359EC4/..\..\cores\Seeeduino_samd_rolawan_usbstack_arduino,debug_off_a0806429c01b778d2e97bb92b1158949\core.a(SERCOM.cpp.o)
                0x000048a4                SERCOM::availableDataUART()
 .text._ZN6SERCOM11isUARTErrorEv
                0x000048ae        0x8 C:\Users\duart\AppData\Local\arduino\sketches\68079F437916337DF7DC6B02F8359EC4/..\..\cores\Seeeduino_samd_rolawan_usbstack_arduino,debug_off_a0806429c01b778d2e97bb92b1158949\core.a(SERCOM.cpp.o)
                0x000048ae                SERCOM::isUARTError()
 .text._ZN6SERCOM20acknowledgeUARTErrorEv
                0x000048b6        0xe C:\Users\duart\AppData\Local\arduino\sketches\68079F437916337DF7DC6B02F8359EC4/..\..\cores\Seeeduino_samd_rolawan_usbstack_arduino,debug_off_a0806429c01b778d2e97bb92b1158949\core.a(SERCOM.cpp.o)
                0x000048b6                SERCOM::acknowledgeUARTError()
 .text._ZN6SERCOM16isFrameErrorUARTEv
                0x000048c4        0xa C:\Users\duart\AppData\Local\arduino\sketches\68079F437916337DF7DC6B02F8359EC4/..\..\cores\Seeeduino_samd_rolawan_usbstack_arduino,debug_off_a0806429c01b778d2e97bb92b1158949\core.a(SERCOM.cpp.o)
                0x000048c4                SERCOM::isFrameErrorUART()
 .text._ZN6SERCOM19clearFrameErrorUARTEv
                0x000048ce        0xc C:\Users\duart\AppData\Local\arduino\sketches\68079F437916337DF7DC6B02F8359EC4/..\..\cores\Seeeduino_samd_rolawan_usbstack_arduino,debug_off_a0806429c01b778d2e97bb92b1158949\core.a(SERCOM.cpp.o)
                0x000048ce                SERCOM::clearFrameErrorUART()
 .text._ZN6SERCOM23isDataRegisterEmptyUARTEv
                0x000048da        0xa C:\Users\duart\AppData\Local\arduino\sketches\68079F437916337DF7DC6B02F8359EC4/..\..\cores\Seeeduino_samd_rolawan_usbstack_arduino,debug_off_a0806429c01b778d2e97bb92b1158949\core.a(SERCOM.cpp.o)
                0x000048da                SERCOM::isDataRegisterEmptyUART()
 .text._ZN6SERCOM12readDataUARTEv
                0x000048e4        0x8 C:\Users\duart\AppData\Local\arduino\sketches\68079F437916337DF7DC6B02F8359EC4/..\..\cores\Seeeduino_samd_rolawan_usbstack_arduino,debug_off_a0806429c01b778d2e97bb92b1158949\core.a(SERCOM.cpp.o)
                0x000048e4                SERCOM::readDataUART()
 .text._ZN6SERCOM13writeDataUARTEh
                0x000048ec       0x10 C:\Users\duart\AppData\Local\arduino\sketches\68079F437916337DF7DC6B02F8359EC4/..\..\cores\Seeeduino_samd_rolawan_usbstack_arduino,debug_off_a0806429c01b778d2e97bb92b1158949\core.a(SERCOM.cpp.o)
                0x000048ec                SERCOM::writeDataUART(unsigned char)
 .text._ZN6SERCOM36enableDataRegisterEmptyInterruptUARTEv
                0x000048fc        0x8 C:\Users\duart\AppData\Local\arduino\sketches\68079F437916337DF7DC6B02F8359EC4/..\..\cores\Seeeduino_samd_rolawan_usbstack_arduino,debug_off_a0806429c01b778d2e97bb92b1158949\core.a(SERCOM.cpp.o)
                0x000048fc                SERCOM::enableDataRegisterEmptyInterruptUART()
 .text._ZN6SERCOM37disableDataRegisterEmptyInterruptUARTEv
                0x00004904        0x8 C:\Users\duart\AppData\Local\arduino\sketches\68079F437916337DF7DC6B02F8359EC4/..\..\cores\Seeeduino_samd_rolawan_usbstack_arduino,debug_off_a0806429c01b778d2e97bb92b1158949\core.a(SERCOM.cpp.o)
                0x00004904                SERCOM::disableDataRegisterEmptyInterruptUART()
 .text._ZN6SERCOM8resetSPIEv
                0x0000490c       0x1a C:\Users\duart\AppData\Local\arduino\sketches\68079F437916337DF7DC6B02F8359EC4/..\..\cores\Seeeduino_samd_rolawan_usbstack_arduino,debug_off_a0806429c01b778d2e97bb92b1158949\core.a(SERCOM.cpp.o)
                0x0000490c                SERCOM::resetSPI()
 .text._ZN6SERCOM9enableSPIEv
                0x00004926       0x14 C:\Users\duart\AppData\Local\arduino\sketches\68079F437916337DF7DC6B02F8359EC4/..\..\cores\Seeeduino_samd_rolawan_usbstack_arduino,debug_off_a0806429c01b778d2e97bb92b1158949\core.a(SERCOM.cpp.o)
                0x00004926                SERCOM::enableSPI()
 .text._ZN6SERCOM10disableSPIEv
                0x0000493a       0x12 C:\Users\duart\AppData\Local\arduino\sketches\68079F437916337DF7DC6B02F8359EC4/..\..\cores\Seeeduino_samd_rolawan_usbstack_arduino,debug_off_a0806429c01b778d2e97bb92b1158949\core.a(SERCOM.cpp.o)
                0x0000493a                SERCOM::disableSPI()
 .text._ZN6SERCOM15transferDataSPIEh
                0x0000494c       0x1a C:\Users\duart\AppData\Local\arduino\sketches\68079F437916337DF7DC6B02F8359EC4/..\..\cores\Seeeduino_samd_rolawan_usbstack_arduino,debug_off_a0806429c01b778d2e97bb92b1158949\core.a(SERCOM.cpp.o)
                0x0000494c                SERCOM::transferDataSPI(unsigned char)
 *fill*         0x00004966        0x2 
 .text._ZN6SERCOM28calculateBaudrateSynchronousEm
                0x00004968       0x1c C:\Users\duart\AppData\Local\arduino\sketches\68079F437916337DF7DC6B02F8359EC4/..\..\cores\Seeeduino_samd_rolawan_usbstack_arduino,debug_off_a0806429c01b778d2e97bb92b1158949\core.a(SERCOM.cpp.o)
                0x00004968                SERCOM::calculateBaudrateSynchronous(unsigned long)
 .text._ZN6SERCOM12initSPIClockE18SercomSpiClockModem
                0x00004984       0x26 C:\Users\duart\AppData\Local\arduino\sketches\68079F437916337DF7DC6B02F8359EC4/..\..\cores\Seeeduino_samd_rolawan_usbstack_arduino,debug_off_a0806429c01b778d2e97bb92b1158949\core.a(SERCOM.cpp.o)
                0x00004984                SERCOM::initSPIClock(SercomSpiClockMode, unsigned long)
 .text._ZN6SERCOM9resetWIREEv
                0x000049aa       0x1a C:\Users\duart\AppData\Local\arduino\sketches\68079F437916337DF7DC6B02F8359EC4/..\..\cores\Seeeduino_samd_rolawan_usbstack_arduino,debug_off_a0806429c01b778d2e97bb92b1158949\core.a(SERCOM.cpp.o)
                0x000049aa                SERCOM::resetWIRE()
 .text._ZN6SERCOM10enableWIREEv
                0x000049c4       0x2a C:\Users\duart\AppData\Local\arduino\sketches\68079F437916337DF7DC6B02F8359EC4/..\..\cores\Seeeduino_samd_rolawan_usbstack_arduino,debug_off_a0806429c01b778d2e97bb92b1158949\core.a(SERCOM.cpp.o)
                0x000049c4                SERCOM::enableWIRE()
 .text._ZN6SERCOM18prepareNackBitWIREEv
                0x000049ee       0x10 C:\Users\duart\AppData\Local\arduino\sketches\68079F437916337DF7DC6B02F8359EC4/..\..\cores\Seeeduino_samd_rolawan_usbstack_arduino,debug_off_a0806429c01b778d2e97bb92b1158949\core.a(SERCOM.cpp.o)
                0x000049ee                SERCOM::prepareNackBitWIRE()
 *fill*         0x000049fe        0x2 
 .text._ZN6SERCOM17prepareAckBitWIREEv
                0x00004a00       0x14 C:\Users\duart\AppData\Local\arduino\sketches\68079F437916337DF7DC6B02F8359EC4/..\..\cores\Seeeduino_samd_rolawan_usbstack_arduino,debug_off_a0806429c01b778d2e97bb92b1158949\core.a(SERCOM.cpp.o)
                0x00004a00                SERCOM::prepareAckBitWIRE()
 .text._ZN6SERCOM22prepareCommandBitsWireEh
                0x00004a14       0x2c C:\Users\duart\AppData\Local\arduino\sketches\68079F437916337DF7DC6B02F8359EC4/..\..\cores\Seeeduino_samd_rolawan_usbstack_arduino,debug_off_a0806429c01b778d2e97bb92b1158949\core.a(SERCOM.cpp.o)
                0x00004a14                SERCOM::prepareCommandBitsWire(unsigned char)
 .text._ZN6SERCOM21startTransmissionWIREEh23SercomWireReadWriteFlag
                0x00004a40       0x7c C:\Users\duart\AppData\Local\arduino\sketches\68079F437916337DF7DC6B02F8359EC4/..\..\cores\Seeeduino_samd_rolawan_usbstack_arduino,debug_off_a0806429c01b778d2e97bb92b1158949\core.a(SERCOM.cpp.o)
                0x00004a40                SERCOM::startTransmissionWIRE(unsigned char, SercomWireReadWriteFlag)
 .text._ZN6SERCOM18sendDataMasterWIREEh
                0x00004abc       0x24 C:\Users\duart\AppData\Local\arduino\sketches\68079F437916337DF7DC6B02F8359EC4/..\..\cores\Seeeduino_samd_rolawan_usbstack_arduino,debug_off_a0806429c01b778d2e97bb92b1158949\core.a(SERCOM.cpp.o)
                0x00004abc                SERCOM::sendDataMasterWIRE(unsigned char)
 .text._ZN6SERCOM17sendDataSlaveWIREEh
                0x00004ae0       0x1c C:\Users\duart\AppData\Local\arduino\sketches\68079F437916337DF7DC6B02F8359EC4/..\..\cores\Seeeduino_samd_rolawan_usbstack_arduino,debug_off_a0806429c01b778d2e97bb92b1158949\core.a(SERCOM.cpp.o)
                0x00004ae0                SERCOM::sendDataSlaveWIRE(unsigned char)
 .text._ZN6SERCOM11isSlaveWIREEv
                0x00004afc       0x12 C:\Users\duart\AppData\Local\arduino\sketches\68079F437916337DF7DC6B02F8359EC4/..\..\cores\Seeeduino_samd_rolawan_usbstack_arduino,debug_off_a0806429c01b778d2e97bb92b1158949\core.a(SERCOM.cpp.o)
                0x00004afc                SERCOM::isSlaveWIRE()
 .text._ZN6SERCOM15isDataReadyWIREEv
                0x00004b0e        0xa C:\Users\duart\AppData\Local\arduino\sketches\68079F437916337DF7DC6B02F8359EC4/..\..\cores\Seeeduino_samd_rolawan_usbstack_arduino,debug_off_a0806429c01b778d2e97bb92b1158949\core.a(SERCOM.cpp.o)
                0x00004b0e                SERCOM::isDataReadyWIRE()
 .text._ZN6SERCOM18isStopDetectedWIREEv
                0x00004b18        0xa C:\Users\duart\AppData\Local\arduino\sketches\68079F437916337DF7DC6B02F8359EC4/..\..\cores\Seeeduino_samd_rolawan_usbstack_arduino,debug_off_a0806429c01b778d2e97bb92b1158949\core.a(SERCOM.cpp.o)
                0x00004b18                SERCOM::isStopDetectedWIRE()
 .text._ZN6SERCOM21isRestartDetectedWIREEv
                0x00004b22        0xa C:\Users\duart\AppData\Local\arduino\sketches\68079F437916337DF7DC6B02F8359EC4/..\..\cores\Seeeduino_samd_rolawan_usbstack_arduino,debug_off_a0806429c01b778d2e97bb92b1158949\core.a(SERCOM.cpp.o)
                0x00004b22                SERCOM::isRestartDetectedWIRE()
 .text._ZN6SERCOM14isAddressMatchEv
                0x00004b2c        0xa C:\Users\duart\AppData\Local\arduino\sketches\68079F437916337DF7DC6B02F8359EC4/..\..\cores\Seeeduino_samd_rolawan_usbstack_arduino,debug_off_a0806429c01b778d2e97bb92b1158949\core.a(SERCOM.cpp.o)
                0x00004b2c                SERCOM::isAddressMatch()
 .text._ZN6SERCOM25isMasterReadOperationWIREEv
                0x00004b36        0xa C:\Users\duart\AppData\Local\arduino\sketches\68079F437916337DF7DC6B02F8359EC4/..\..\cores\Seeeduino_samd_rolawan_usbstack_arduino,debug_off_a0806429c01b778d2e97bb92b1158949\core.a(SERCOM.cpp.o)
                0x00004b36                SERCOM::isMasterReadOperationWIRE()
 .text._ZN6SERCOM12readDataWIREEv
                0x00004b40       0x1a C:\Users\duart\AppData\Local\arduino\sketches\68079F437916337DF7DC6B02F8359EC4/..\..\cores\Seeeduino_samd_rolawan_usbstack_arduino,debug_off_a0806429c01b778d2e97bb92b1158949\core.a(SERCOM.cpp.o)
                0x00004b40                SERCOM::readDataWIRE()
 *fill*         0x00004b5a        0x2 
 .text._ZN6SERCOM14getSercomIndexEv
                0x00004b5c       0x5c C:\Users\duart\AppData\Local\arduino\sketches\68079F437916337DF7DC6B02F8359EC4/..\..\cores\Seeeduino_samd_rolawan_usbstack_arduino,debug_off_a0806429c01b778d2e97bb92b1158949\core.a(SERCOM.cpp.o)
                0x00004b5c                SERCOM::getSercomIndex()
 .text._ZN6SERCOM13initClockNVICEv
                0x00004bb8       0x90 C:\Users\duart\AppData\Local\arduino\sketches\68079F437916337DF7DC6B02F8359EC4/..\..\cores\Seeeduino_samd_rolawan_usbstack_arduino,debug_off_a0806429c01b778d2e97bb92b1158949\core.a(SERCOM.cpp.o)
                0x00004bb8                SERCOM::initClockNVIC()
 .text._ZN6SERCOM8initUARTE14SercomUartMode20SercomUartSampleRatem
                0x00004c48       0x6c C:\Users\duart\AppData\Local\arduino\sketches\68079F437916337DF7DC6B02F8359EC4/..\..\cores\Seeeduino_samd_rolawan_usbstack_arduino,debug_off_a0806429c01b778d2e97bb92b1158949\core.a(SERCOM.cpp.o)
                0x00004c48                SERCOM::initUART(SercomUartMode, SercomUartSampleRate, unsigned long)
 .text._ZN6SERCOM7initSPIE14SercomSpiTXPad11SercomRXPad17SercomSpiCharSize15SercomDataOrder
                0x00004cb4       0x52 C:\Users\duart\AppData\Local\arduino\sketches\68079F437916337DF7DC6B02F8359EC4/..\..\cores\Seeeduino_samd_rolawan_usbstack_arduino,debug_off_a0806429c01b778d2e97bb92b1158949\core.a(SERCOM.cpp.o)
                0x00004cb4                SERCOM::initSPI(SercomSpiTXPad, SercomRXPad, SercomSpiCharSize, SercomDataOrder)
 *fill*         0x00004d06        0x2 
 .text._ZN6SERCOM14initMasterWIREEm
                0x00004d08       0x54 C:\Users\duart\AppData\Local\arduino\sketches\68079F437916337DF7DC6B02F8359EC4/..\..\cores\Seeeduino_samd_rolawan_usbstack_arduino,debug_off_a0806429c01b778d2e97bb92b1158949\core.a(SERCOM.cpp.o)
                0x00004d08                SERCOM::initMasterWIRE(unsigned long)
 .text._ZN7Serial_17availableForWriteEv
                0x00004d5c        0x4 C:\Users\duart\AppData\Local\arduino\sketches\68079F437916337DF7DC6B02F8359EC4/..\..\cores\Seeeduino_samd_rolawan_usbstack_arduino,debug_off_a0806429c01b778d2e97bb92b1158949\core.a(CDC.cpp.o)
                0x00004d5c                Serial_::availableForWrite()
 .text._ZN7Serial_5writeEh
                0x00004d60       0x14 C:\Users\duart\AppData\Local\arduino\sketches\68079F437916337DF7DC6B02F8359EC4/..\..\cores\Seeeduino_samd_rolawan_usbstack_arduino,debug_off_a0806429c01b778d2e97bb92b1158949\core.a(CDC.cpp.o)
                0x00004d60                Serial_::write(unsigned char)
 .text._ZN7Serial_9availableEv
                0x00004d74       0x1c C:\Users\duart\AppData\Local\arduino\sketches\68079F437916337DF7DC6B02F8359EC4/..\..\cores\Seeeduino_samd_rolawan_usbstack_arduino,debug_off_a0806429c01b778d2e97bb92b1158949\core.a(CDC.cpp.o)
                0x00004d74                Serial_::available()
 .text._ZN7Serial_5flushEv
                0x00004d90        0xc C:\Users\duart\AppData\Local\arduino\sketches\68079F437916337DF7DC6B02F8359EC4/..\..\cores\Seeeduino_samd_rolawan_usbstack_arduino,debug_off_a0806429c01b778d2e97bb92b1158949\core.a(CDC.cpp.o)
                0x00004d90                Serial_::flush()
 .text._ZN7Serial_5clearEv
                0x00004d9c        0xc C:\Users\duart\AppData\Local\arduino\sketches\68079F437916337DF7DC6B02F8359EC4/..\..\cores\Seeeduino_samd_rolawan_usbstack_arduino,debug_off_a0806429c01b778d2e97bb92b1158949\core.a(CDC.cpp.o)
                0x00004d9c                Serial_::clear()
 .text._ZN7Serial_4peekEv
                0x00004da8       0x1c C:\Users\duart\AppData\Local\arduino\sketches\68079F437916337DF7DC6B02F8359EC4/..\..\cores\Seeeduino_samd_rolawan_usbstack_arduino,debug_off_a0806429c01b778d2e97bb92b1158949\core.a(CDC.cpp.o)
                0x00004da8                Serial_::peek()
 .text._ZN7Serial_4readEv
                0x00004dc4       0x24 C:\Users\duart\AppData\Local\arduino\sketches\68079F437916337DF7DC6B02F8359EC4/..\..\cores\Seeeduino_samd_rolawan_usbstack_arduino,debug_off_a0806429c01b778d2e97bb92b1158949\core.a(CDC.cpp.o)
                0x00004dc4                Serial_::read()
 .text._ZN7Serial_5writeEPKhj
                0x00004de8       0x30 C:\Users\duart\AppData\Local\arduino\sketches\68079F437916337DF7DC6B02F8359EC4/..\..\cores\Seeeduino_samd_rolawan_usbstack_arduino,debug_off_a0806429c01b778d2e97bb92b1158949\core.a(CDC.cpp.o)
                0x00004de8                Serial_::write(unsigned char const*, unsigned int)
 .text._Z16CDC_GetInterfacePh
                0x00004e18       0x1c C:\Users\duart\AppData\Local\arduino\sketches\68079F437916337DF7DC6B02F8359EC4/..\..\cores\Seeeduino_samd_rolawan_usbstack_arduino,debug_off_a0806429c01b778d2e97bb92b1158949\core.a(CDC.cpp.o)
                0x00004e18                CDC_GetInterface(unsigned char*)
 .text._Z9CDC_SetupR8USBSetup
                0x00004e34       0x7c C:\Users\duart\AppData\Local\arduino\sketches\68079F437916337DF7DC6B02F8359EC4/..\..\cores\Seeeduino_samd_rolawan_usbstack_arduino,debug_off_a0806429c01b778d2e97bb92b1158949\core.a(CDC.cpp.o)
                0x00004e34                CDC_Setup(USBSetup&)
 .text._ZN7Serial_5beginEm
                0x00004eb0        0x6 C:\Users\duart\AppData\Local\arduino\sketches\68079F437916337DF7DC6B02F8359EC4/..\..\cores\Seeeduino_samd_rolawan_usbstack_arduino,debug_off_a0806429c01b778d2e97bb92b1158949\core.a(CDC.cpp.o)
                0x00004eb0                Serial_::begin(unsigned long)
 *fill*         0x00004eb6        0x2 
 .text._ZN7Serial_cvbEv
                0x00004eb8       0x34 C:\Users\duart\AppData\Local\arduino\sketches\68079F437916337DF7DC6B02F8359EC4/..\..\cores\Seeeduino_samd_rolawan_usbstack_arduino,debug_off_a0806429c01b778d2e97bb92b1158949\core.a(CDC.cpp.o)
                0x00004eb8                Serial_::operator bool()
 .text.startup._GLOBAL__sub_I__Z17_CDC_GetInterfacev
                0x00004eec       0x28 C:\Users\duart\AppData\Local\arduino\sketches\68079F437916337DF7DC6B02F8359EC4/..\..\cores\Seeeduino_samd_rolawan_usbstack_arduino,debug_off_a0806429c01b778d2e97bb92b1158949\core.a(CDC.cpp.o)
 .text._ZN26DoubleBufferedEPOutHandlerD2Ev
                0x00004f14        0x2 C:\Users\duart\AppData\Local\arduino\sketches\68079F437916337DF7DC6B02F8359EC4/..\..\cores\Seeeduino_samd_rolawan_usbstack_arduino,debug_off_a0806429c01b778d2e97bb92b1158949\core.a(USBCore.cpp.o)
                0x00004f14                DoubleBufferedEPOutHandler::~DoubleBufferedEPOutHandler()
                0x00004f14                DoubleBufferedEPOutHandler::~DoubleBufferedEPOutHandler()
 .text._ZN26DoubleBufferedEPOutHandler4initEv
                0x00004f16        0x2 C:\Users\duart\AppData\Local\arduino\sketches\68079F437916337DF7DC6B02F8359EC4/..\..\cores\Seeeduino_samd_rolawan_usbstack_arduino,debug_off_a0806429c01b778d2e97bb92b1158949\core.a(USBCore.cpp.o)
                0x00004f16                DoubleBufferedEPOutHandler::init()
 .text._ZL5utox8mPc
                0x00004f18       0x24 C:\Users\duart\AppData\Local\arduino\sketches\68079F437916337DF7DC6B02F8359EC4/..\..\cores\Seeeduino_samd_rolawan_usbstack_arduino,debug_off_a0806429c01b778d2e97bb92b1158949\core.a(USBCore.cpp.o)
 .text._ZN26DoubleBufferedEPOutHandlerD0Ev
                0x00004f3c       0x10 C:\Users\duart\AppData\Local\arduino\sketches\68079F437916337DF7DC6B02F8359EC4/..\..\cores\Seeeduino_samd_rolawan_usbstack_arduino,debug_off_a0806429c01b778d2e97bb92b1158949\core.a(USBCore.cpp.o)
                0x00004f3c                DoubleBufferedEPOutHandler::~DoubleBufferedEPOutHandler()
 .text._ZN14USBDeviceClass6initEPEmm.part.8
                0x00004f4c       0xe0 C:\Users\duart\AppData\Local\arduino\sketches\68079F437916337DF7DC6B02F8359EC4/..\..\cores\Seeeduino_samd_rolawan_usbstack_arduino,debug_off_a0806429c01b778d2e97bb92b1158949\core.a(USBCore.cpp.o)
 .text._ZN7__GuardC2Ev
                0x0000502c        0xe C:\Users\duart\AppData\Local\arduino\sketches\68079F437916337DF7DC6B02F8359EC4/..\..\cores\Seeeduino_samd_rolawan_usbstack_arduino,debug_off_a0806429c01b778d2e97bb92b1158949\core.a(USBCore.cpp.o)
                0x0000502c                __Guard::__Guard()
                0x0000502c                __Guard::__Guard()
 .text._ZN7__GuardD2Ev
                0x0000503a        0xe C:\Users\duart\AppData\Local\arduino\sketches\68079F437916337DF7DC6B02F8359EC4/..\..\cores\Seeeduino_samd_rolawan_usbstack_arduino,debug_off_a0806429c01b778d2e97bb92b1158949\core.a(USBCore.cpp.o)
                0x0000503a                __Guard::~__Guard()
                0x0000503a                __Guard::~__Guard()
 .text._ZNK26DoubleBufferedEPOutHandler10_availableEv
                0x00005048       0x6a C:\Users\duart\AppData\Local\arduino\sketches\68079F437916337DF7DC6B02F8359EC4/..\..\cores\Seeeduino_samd_rolawan_usbstack_arduino,debug_off_a0806429c01b778d2e97bb92b1158949\core.a(USBCore.cpp.o)
                0x00005048                DoubleBufferedEPOutHandler::_available() const
 *fill*         0x000050b2        0x2 
 .text._ZN26DoubleBufferedEPOutHandler7releaseEv
                0x000050b4       0x3c C:\Users\duart\AppData\Local\arduino\sketches\68079F437916337DF7DC6B02F8359EC4/..\..\cores\Seeeduino_samd_rolawan_usbstack_arduino,debug_off_a0806429c01b778d2e97bb92b1158949\core.a(USBCore.cpp.o)
                0x000050b4                DoubleBufferedEPOutHandler::release()
 .text._ZN26DoubleBufferedEPOutHandler14handleEndpointEv
                0x000050f0       0xdc C:\Users\duart\AppData\Local\arduino\sketches\68079F437916337DF7DC6B02F8359EC4/..\..\cores\Seeeduino_samd_rolawan_usbstack_arduino,debug_off_a0806429c01b778d2e97bb92b1158949\core.a(USBCore.cpp.o)
                0x000050f0                DoubleBufferedEPOutHandler::handleEndpoint()
 .text._ZN26DoubleBufferedEPOutHandler5_recvEv
                0x000051cc      0x184 C:\Users\duart\AppData\Local\arduino\sketches\68079F437916337DF7DC6B02F8359EC4/..\..\cores\Seeeduino_samd_rolawan_usbstack_arduino,debug_off_a0806429c01b778d2e97bb92b1158949\core.a(USBCore.cpp.o)
                0x000051cc                DoubleBufferedEPOutHandler::_recv()
 .text._ZN26DoubleBufferedEPOutHandler4peekEv
                0x00005350       0x22 C:\Users\duart\AppData\Local\arduino\sketches\68079F437916337DF7DC6B02F8359EC4/..\..\cores\Seeeduino_samd_rolawan_usbstack_arduino,debug_off_a0806429c01b778d2e97bb92b1158949\core.a(USBCore.cpp.o)
                0x00005350                DoubleBufferedEPOutHandler::peek()
 .text._ZN26DoubleBufferedEPOutHandler9availableEv
                0x00005372       0x18 C:\Users\duart\AppData\Local\arduino\sketches\68079F437916337DF7DC6B02F8359EC4/..\..\cores\Seeeduino_samd_rolawan_usbstack_arduino,debug_off_a0806429c01b778d2e97bb92b1158949\core.a(USBCore.cpp.o)
                0x00005372                DoubleBufferedEPOutHandler::available()
 .text._ZN26DoubleBufferedEPOutHandler4recvEPvm
                0x0000538a       0x72 C:\Users\duart\AppData\Local\arduino\sketches\68079F437916337DF7DC6B02F8359EC4/..\..\cores\Seeeduino_samd_rolawan_usbstack_arduino,debug_off_a0806429c01b778d2e97bb92b1158949\core.a(USBCore.cpp.o)
                0x0000538a                DoubleBufferedEPOutHandler::recv(void*, unsigned long)
 .text._ZN14USBDeviceClass14SendInterfacesEPm
                0x000053fc       0x2c C:\Users\duart\AppData\Local\arduino\sketches\68079F437916337DF7DC6B02F8359EC4/..\..\cores\Seeeduino_samd_rolawan_usbstack_arduino,debug_off_a0806429c01b778d2e97bb92b1158949\core.a(USBCore.cpp.o)
                0x000053fc                USBDeviceClass::SendInterfaces(unsigned long*)
 .text._ZN14USBDeviceClass14handleEndpointEh
                0x00005428       0x48 C:\Users\duart\AppData\Local\arduino\sketches\68079F437916337DF7DC6B02F8359EC4/..\..\cores\Seeeduino_samd_rolawan_usbstack_arduino,debug_off_a0806429c01b778d2e97bb92b1158949\core.a(USBCore.cpp.o)
                0x00005428                USBDeviceClass::handleEndpoint(unsigned char)
 .text._ZN14USBDeviceClass4initEv
                0x00005470      0x110 C:\Users\duart\AppData\Local\arduino\sketches\68079F437916337DF7DC6B02F8359EC4/..\..\cores\Seeeduino_samd_rolawan_usbstack_arduino,debug_off_a0806429c01b778d2e97bb92b1158949\core.a(USBCore.cpp.o)
                0x00005470                USBDeviceClass::init()
 .text._ZN14USBDeviceClass6attachEv
                0x00005580       0x34 C:\Users\duart\AppData\Local\arduino\sketches\68079F437916337DF7DC6B02F8359EC4/..\..\cores\Seeeduino_samd_rolawan_usbstack_arduino,debug_off_a0806429c01b778d2e97bb92b1158949\core.a(USBCore.cpp.o)
                0x00005580                USBDeviceClass::attach()
 .text._ZN14USBDeviceClass10setAddressEm
                0x000055b4       0x48 C:\Users\duart\AppData\Local\arduino\sketches\68079F437916337DF7DC6B02F8359EC4/..\..\cores\Seeeduino_samd_rolawan_usbstack_arduino,debug_off_a0806429c01b778d2e97bb92b1158949\core.a(USBCore.cpp.o)
                0x000055b4                USBDeviceClass::setAddress(unsigned long)
 .text._ZN14USBDeviceClass25handleClassInterfaceSetupER8USBSetup
                0x000055fc       0x44 C:\Users\duart\AppData\Local\arduino\sketches\68079F437916337DF7DC6B02F8359EC4/..\..\cores\Seeeduino_samd_rolawan_usbstack_arduino,debug_off_a0806429c01b778d2e97bb92b1158949\core.a(USBCore.cpp.o)
                0x000055fc                USBDeviceClass::handleClassInterfaceSetup(USBSetup&)
 .text._ZN14USBDeviceClass6initEPEmm
                0x00005640      0x12c C:\Users\duart\AppData\Local\arduino\sketches\68079F437916337DF7DC6B02F8359EC4/..\..\cores\Seeeduino_samd_rolawan_usbstack_arduino,debug_off_a0806429c01b778d2e97bb92b1158949\core.a(USBCore.cpp.o)
                0x00005640                USBDeviceClass::initEP(unsigned long, unsigned long)
 .text._ZN14USBDeviceClass13initEndpointsEv
                0x0000576c       0x24 C:\Users\duart\AppData\Local\arduino\sketches\68079F437916337DF7DC6B02F8359EC4/..\..\cores\Seeeduino_samd_rolawan_usbstack_arduino,debug_off_a0806429c01b778d2e97bb92b1158949\core.a(USBCore.cpp.o)
                0x0000576c                USBDeviceClass::initEndpoints()
 .text._ZN14USBDeviceClass5clearEm
                0x00005790       0x38 C:\Users\duart\AppData\Local\arduino\sketches\68079F437916337DF7DC6B02F8359EC4/..\..\cores\Seeeduino_samd_rolawan_usbstack_arduino,debug_off_a0806429c01b778d2e97bb92b1158949\core.a(USBCore.cpp.o)
                0x00005790                USBDeviceClass::clear(unsigned long)
 .text._ZN14USBDeviceClass9availableEm
                0x000057c8       0x2c C:\Users\duart\AppData\Local\arduino\sketches\68079F437916337DF7DC6B02F8359EC4/..\..\cores\Seeeduino_samd_rolawan_usbstack_arduino,debug_off_a0806429c01b778d2e97bb92b1158949\core.a(USBCore.cpp.o)
                0x000057c8                USBDeviceClass::available(unsigned long)
 .text._ZN14USBDeviceClass5flushEm
                0x000057f4       0x2c C:\Users\duart\AppData\Local\arduino\sketches\68079F437916337DF7DC6B02F8359EC4/..\..\cores\Seeeduino_samd_rolawan_usbstack_arduino,debug_off_a0806429c01b778d2e97bb92b1158949\core.a(USBCore.cpp.o)
                0x000057f4                USBDeviceClass::flush(unsigned long)
 .text._ZN14USBDeviceClass14armRecvCtrlOUTEm
                0x00005820       0x5c C:\Users\duart\AppData\Local\arduino\sketches\68079F437916337DF7DC6B02F8359EC4/..\..\cores\Seeeduino_samd_rolawan_usbstack_arduino,debug_off_a0806429c01b778d2e97bb92b1158949\core.a(USBCore.cpp.o)
                0x00005820                USBDeviceClass::armRecvCtrlOUT(unsigned long)
 .text._ZN14USBDeviceClass11recvControlEPvm
                0x0000587c       0x3c C:\Users\duart\AppData\Local\arduino\sketches\68079F437916337DF7DC6B02F8359EC4/..\..\cores\Seeeduino_samd_rolawan_usbstack_arduino,debug_off_a0806429c01b778d2e97bb92b1158949\core.a(USBCore.cpp.o)
                0x0000587c                USBDeviceClass::recvControl(void*, unsigned long)
 .text._ZN14USBDeviceClass7armRecvEm
                0x000058b8       0x38 C:\Users\duart\AppData\Local\arduino\sketches\68079F437916337DF7DC6B02F8359EC4/..\..\cores\Seeeduino_samd_rolawan_usbstack_arduino,debug_off_a0806429c01b778d2e97bb92b1158949\core.a(USBCore.cpp.o)
                0x000058b8                USBDeviceClass::armRecv(unsigned long)
 .text._ZN14USBDeviceClass4recvEmPvm
                0x000058f0       0xd8 C:\Users\duart\AppData\Local\arduino\sketches\68079F437916337DF7DC6B02F8359EC4/..\..\cores\Seeeduino_samd_rolawan_usbstack_arduino,debug_off_a0806429c01b778d2e97bb92b1158949\core.a(USBCore.cpp.o)
                0x000058f0                USBDeviceClass::recv(unsigned long, void*, unsigned long)
 .text._ZN14USBDeviceClass4recvEm
                0x000059c8       0x1c C:\Users\duart\AppData\Local\arduino\sketches\68079F437916337DF7DC6B02F8359EC4/..\..\cores\Seeeduino_samd_rolawan_usbstack_arduino,debug_off_a0806429c01b778d2e97bb92b1158949\core.a(USBCore.cpp.o)
                0x000059c8                USBDeviceClass::recv(unsigned long)
 .text._ZN14USBDeviceClass4sendEmPKvm
                0x000059e4      0x110 C:\Users\duart\AppData\Local\arduino\sketches\68079F437916337DF7DC6B02F8359EC4/..\..\cores\Seeeduino_samd_rolawan_usbstack_arduino,debug_off_a0806429c01b778d2e97bb92b1158949\core.a(USBCore.cpp.o)
                0x000059e4                USBDeviceClass::send(unsigned long, void const*, unsigned long)
 .text._ZN14USBDeviceClass7armSendEmPKvm
                0x00005af4       0x48 C:\Users\duart\AppData\Local\arduino\sketches\68079F437916337DF7DC6B02F8359EC4/..\..\cores\Seeeduino_samd_rolawan_usbstack_arduino,debug_off_a0806429c01b778d2e97bb92b1158949\core.a(USBCore.cpp.o)
                0x00005af4                USBDeviceClass::armSend(unsigned long, void const*, unsigned long)
 .text._ZN14USBDeviceClass11sendControlEPKvm
                0x00005b3c       0x54 C:\Users\duart\AppData\Local\arduino\sketches\68079F437916337DF7DC6B02F8359EC4/..\..\cores\Seeeduino_samd_rolawan_usbstack_arduino,debug_off_a0806429c01b778d2e97bb92b1158949\core.a(USBCore.cpp.o)
                0x00005b3c                USBDeviceClass::sendControl(void const*, unsigned long)
 .text._ZN14USBDeviceClass20sendStringDescriptorEPKhh
                0x00005b90       0x68 C:\Users\duart\AppData\Local\arduino\sketches\68079F437916337DF7DC6B02F8359EC4/..\..\cores\Seeeduino_samd_rolawan_usbstack_arduino,debug_off_a0806429c01b778d2e97bb92b1158949\core.a(USBCore.cpp.o)
                0x00005b90                USBDeviceClass::sendStringDescriptor(unsigned char const*, unsigned char)
 .text._ZN14USBDeviceClass17sendConfigurationEm
                0x00005bf8       0x80 C:\Users\duart\AppData\Local\arduino\sketches\68079F437916337DF7DC6B02F8359EC4/..\..\cores\Seeeduino_samd_rolawan_usbstack_arduino,debug_off_a0806429c01b778d2e97bb92b1158949\core.a(USBCore.cpp.o)
                0x00005bf8                USBDeviceClass::sendConfiguration(unsigned long)
 .text._ZN14USBDeviceClass14sendDescriptorER8USBSetup
                0x00005c78       0xf0 C:\Users\duart\AppData\Local\arduino\sketches\68079F437916337DF7DC6B02F8359EC4/..\..\cores\Seeeduino_samd_rolawan_usbstack_arduino,debug_off_a0806429c01b778d2e97bb92b1158949\core.a(USBCore.cpp.o)
                0x00005c78                USBDeviceClass::sendDescriptor(USBSetup&)
 .text._ZN14USBDeviceClass19handleStandardSetupER8USBSetup
                0x00005d68      0x104 C:\Users\duart\AppData\Local\arduino\sketches\68079F437916337DF7DC6B02F8359EC4/..\..\cores\Seeeduino_samd_rolawan_usbstack_arduino,debug_off_a0806429c01b778d2e97bb92b1158949\core.a(USBCore.cpp.o)
                0x00005d68                USBDeviceClass::handleStandardSetup(USBSetup&)
 .text._ZN14USBDeviceClass10ISRHandlerEv
                0x00005e6c      0x140 C:\Users\duart\AppData\Local\arduino\sketches\68079F437916337DF7DC6B02F8359EC4/..\..\cores\Seeeduino_samd_rolawan_usbstack_arduino,debug_off_a0806429c01b778d2e97bb92b1158949\core.a(USBCore.cpp.o)
                0x00005e6c                USBDeviceClass::ISRHandler()
 .text.UDD_Handler
                0x00005fac       0x10 C:\Users\duart\AppData\Local\arduino\sketches\68079F437916337DF7DC6B02F8359EC4/..\..\cores\Seeeduino_samd_rolawan_usbstack_arduino,debug_off_a0806429c01b778d2e97bb92b1158949\core.a(USBCore.cpp.o)
                0x00005fac                UDD_Handler
 .text.startup._GLOBAL__sub_I_usbd
                0x00005fbc       0x10 C:\Users\duart\AppData\Local\arduino\sketches\68079F437916337DF7DC6B02F8359EC4/..\..\cores\Seeeduino_samd_rolawan_usbstack_arduino,debug_off_a0806429c01b778d2e97bb92b1158949\core.a(USBCore.cpp.o)
 .text._ZN4UartcvbEv
                0x00005fcc        0x4 C:\Users\duart\AppData\Local\arduino\sketches\68079F437916337DF7DC6B02F8359EC4/..\..\cores\Seeeduino_samd_rolawan_usbstack_arduino,debug_off_a0806429c01b778d2e97bb92b1158949\core.a(Uart.cpp.o)
                0x00005fcc                Uart::operator bool()
 .text._ZN4Uart5beginEm
                0x00005fd0       0x10 C:\Users\duart\AppData\Local\arduino\sketches\68079F437916337DF7DC6B02F8359EC4/..\..\cores\Seeeduino_samd_rolawan_usbstack_arduino,debug_off_a0806429c01b778d2e97bb92b1158949\core.a(Uart.cpp.o)
                0x00005fd0                Uart::begin(unsigned long)
 .text._ZN4Uart4peekEv
                0x00005fe0       0x1a C:\Users\duart\AppData\Local\arduino\sketches\68079F437916337DF7DC6B02F8359EC4/..\..\cores\Seeeduino_samd_rolawan_usbstack_arduino,debug_off_a0806429c01b778d2e97bb92b1158949\core.a(Uart.cpp.o)
                0x00005fe0                Uart::peek()
 .text._ZN4Uart3endEv
                0x00005ffa       0x20 C:\Users\duart\AppData\Local\arduino\sketches\68079F437916337DF7DC6B02F8359EC4/..\..\cores\Seeeduino_samd_rolawan_usbstack_arduino,debug_off_a0806429c01b778d2e97bb92b1158949\core.a(Uart.cpp.o)
                0x00005ffa                Uart::end()
 .text._ZN4Uart16extractNbStopBitEt
                0x0000601a        0xc C:\Users\duart\AppData\Local\arduino\sketches\68079F437916337DF7DC6B02F8359EC4/..\..\cores\Seeeduino_samd_rolawan_usbstack_arduino,debug_off_a0806429c01b778d2e97bb92b1158949\core.a(Uart.cpp.o)
                0x0000601a                Uart::extractNbStopBit(unsigned short)
 .text._ZN4Uart15extractCharSizeEt
                0x00006026       0x28 C:\Users\duart\AppData\Local\arduino\sketches\68079F437916337DF7DC6B02F8359EC4/..\..\cores\Seeeduino_samd_rolawan_usbstack_arduino,debug_off_a0806429c01b778d2e97bb92b1158949\core.a(Uart.cpp.o)
                0x00006026                Uart::extractCharSize(unsigned short)
 .text._ZN4Uart13extractParityEt
                0x0000604e       0x14 C:\Users\duart\AppData\Local\arduino\sketches\68079F437916337DF7DC6B02F8359EC4/..\..\cores\Seeeduino_samd_rolawan_usbstack_arduino,debug_off_a0806429c01b778d2e97bb92b1158949\core.a(Uart.cpp.o)
                0x0000604e                Uart::extractParity(unsigned short)
 *fill*         0x00006062        0x2 
 .text._ZN4Uart5beginEmt
                0x00006064       0xf8 C:\Users\duart\AppData\Local\arduino\sketches\68079F437916337DF7DC6B02F8359EC4/..\..\cores\Seeeduino_samd_rolawan_usbstack_arduino,debug_off_a0806429c01b778d2e97bb92b1158949\core.a(Uart.cpp.o)
                0x00006064                Uart::begin(unsigned long, unsigned short)
 .text._ZN11RingBufferNILi256EEC2Ev
                0x0000615c       0x1c C:\Users\duart\AppData\Local\arduino\sketches\68079F437916337DF7DC6B02F8359EC4/..\..\cores\Seeeduino_samd_rolawan_usbstack_arduino,debug_off_a0806429c01b778d2e97bb92b1158949\core.a(Uart.cpp.o)
                0x0000615c                RingBufferN<256>::RingBufferN()
                0x0000615c                RingBufferN<256>::RingBufferN()
 .text._ZN4UartC2EP6SERCOMhh11SercomRXPad15SercomUartTXPad
                0x00006178       0x74 C:\Users\duart\AppData\Local\arduino\sketches\68079F437916337DF7DC6B02F8359EC4/..\..\cores\Seeeduino_samd_rolawan_usbstack_arduino,debug_off_a0806429c01b778d2e97bb92b1158949\core.a(Uart.cpp.o)
                0x00006178                Uart::Uart(SERCOM*, unsigned char, unsigned char, SercomRXPad, SercomUartTXPad)
                0x00006178                Uart::Uart(SERCOM*, unsigned char, unsigned char, SercomRXPad, SercomUartTXPad)
 .text._ZN11RingBufferNILi256EE17availableForStoreEv
                0x000061ec       0x20 C:\Users\duart\AppData\Local\arduino\sketches\68079F437916337DF7DC6B02F8359EC4/..\..\cores\Seeeduino_samd_rolawan_usbstack_arduino,debug_off_a0806429c01b778d2e97bb92b1158949\core.a(Uart.cpp.o)
                0x000061ec                RingBufferN<256>::availableForStore()
 .text._ZN4Uart17availableForWriteEv
                0x0000620c        0xc C:\Users\duart\AppData\Local\arduino\sketches\68079F437916337DF7DC6B02F8359EC4/..\..\cores\Seeeduino_samd_rolawan_usbstack_arduino,debug_off_a0806429c01b778d2e97bb92b1158949\core.a(Uart.cpp.o)
                0x0000620c                Uart::availableForWrite()
 .text._ZN4Uart4readEv
                0x00006218       0x4c C:\Users\duart\AppData\Local\arduino\sketches\68079F437916337DF7DC6B02F8359EC4/..\..\cores\Seeeduino_samd_rolawan_usbstack_arduino,debug_off_a0806429c01b778d2e97bb92b1158949\core.a(Uart.cpp.o)
                0x00006218                Uart::read()
 .text._ZN11RingBufferNILi256EE9availableEv
                0x00006264       0x12 C:\Users\duart\AppData\Local\arduino\sketches\68079F437916337DF7DC6B02F8359EC4/..\..\cores\Seeeduino_samd_rolawan_usbstack_arduino,debug_off_a0806429c01b778d2e97bb92b1158949\core.a(Uart.cpp.o)
                0x00006264                RingBufferN<256>::available()
 .text._ZN4Uart5flushEv
                0x00006276       0x1a C:\Users\duart\AppData\Local\arduino\sketches\68079F437916337DF7DC6B02F8359EC4/..\..\cores\Seeeduino_samd_rolawan_usbstack_arduino,debug_off_a0806429c01b778d2e97bb92b1158949\core.a(Uart.cpp.o)
                0x00006276                Uart::flush()
 .text._ZN4Uart9availableEv
                0x00006290        0xa C:\Users\duart\AppData\Local\arduino\sketches\68079F437916337DF7DC6B02F8359EC4/..\..\cores\Seeeduino_samd_rolawan_usbstack_arduino,debug_off_a0806429c01b778d2e97bb92b1158949\core.a(Uart.cpp.o)
                0x00006290                Uart::available()
 .text._ZN4Uart10IrqHandlerEv
                0x0000629a       0xcc C:\Users\duart\AppData\Local\arduino\sketches\68079F437916337DF7DC6B02F8359EC4/..\..\cores\Seeeduino_samd_rolawan_usbstack_arduino,debug_off_a0806429c01b778d2e97bb92b1158949\core.a(Uart.cpp.o)
                0x0000629a                Uart::IrqHandler()
 *fill*         0x00006366        0x2 
 .text._ZN4Uart5writeEh
                0x00006368       0xb4 C:\Users\duart\AppData\Local\arduino\sketches\68079F437916337DF7DC6B02F8359EC4/..\..\cores\Seeeduino_samd_rolawan_usbstack_arduino,debug_off_a0806429c01b778d2e97bb92b1158949\core.a(Uart.cpp.o)
                0x00006368                Uart::write(unsigned char)
 .text.__cxa_pure_virtual
                0x0000641c        0x2 C:\Users\duart\AppData\Local\arduino\sketches\68079F437916337DF7DC6B02F8359EC4/..\..\cores\Seeeduino_samd_rolawan_usbstack_arduino,debug_off_a0806429c01b778d2e97bb92b1158949\core.a(abi.cpp.o)
                0x0000641c                __cxa_pure_virtual
 .text.Dummy_Handler
                0x0000641e        0x2 C:\Users\duart\AppData\Local\arduino\sketches\68079F437916337DF7DC6B02F8359EC4/..\..\cores\Seeeduino_samd_rolawan_usbstack_arduino,debug_off_a0806429c01b778d2e97bb92b1158949\core.a(cortex_handlers.c.o)
                0x0000641e                HardFault_Handler
                0x0000641e                AC_Handler
                0x0000641e                PendSV_Handler
                0x0000641e                NMI_Handler
                0x0000641e                TC7_Handler
                0x0000641e                ADC_Handler
                0x0000641e                TCC1_Handler
                0x0000641e                SERCOM2_Handler
                0x0000641e                TCC0_Handler
                0x0000641e                RTC_Handler
                0x0000641e                EIC_Handler
                0x0000641e                TC6_Handler
                0x0000641e                WDT_Handler
                0x0000641e                TC4_Handler
                0x0000641e                TC3_Handler
                0x0000641e                Dummy_Handler
                0x0000641e                PM_Handler
                0x0000641e                SVC_Handler
                0x0000641e                TCC2_Handler
                0x0000641e                EVSYS_Handler
                0x0000641e                SERCOM4_Handler
                0x0000641e                I2S_Handler
                0x0000641e                NVMCTRL_Handler
                0x0000641e                DAC_Handler
                0x0000641e                PTC_Handler
                0x0000641e                SYSCTRL_Handler
 .text.USB_Handler
                0x00006420       0x14 C:\Users\duart\AppData\Local\arduino\sketches\68079F437916337DF7DC6B02F8359EC4/..\..\cores\Seeeduino_samd_rolawan_usbstack_arduino,debug_off_a0806429c01b778d2e97bb92b1158949\core.a(cortex_handlers.c.o)
                0x00006420                USB_Handler
 .text.Reset_Handler
                0x00006434       0x54 C:\Users\duart\AppData\Local\arduino\sketches\68079F437916337DF7DC6B02F8359EC4/..\..\cores\Seeeduino_samd_rolawan_usbstack_arduino,debug_off_a0806429c01b778d2e97bb92b1158949\core.a(cortex_handlers.c.o)
                0x00006434                Reset_Handler
 .text.SysTick_Handler
                0x00006488       0x10 C:\Users\duart\AppData\Local\arduino\sketches\68079F437916337DF7DC6B02F8359EC4/..\..\cores\Seeeduino_samd_rolawan_usbstack_arduino,debug_off_a0806429c01b778d2e97bb92b1158949\core.a(cortex_handlers.c.o)
                0x00006488                SysTick_Handler
 .text.USB_SetHandler
                0x00006498        0xc C:\Users\duart\AppData\Local\arduino\sketches\68079F437916337DF7DC6B02F8359EC4/..\..\cores\Seeeduino_samd_rolawan_usbstack_arduino,debug_off_a0806429c01b778d2e97bb92b1158949\core.a(cortex_handlers.c.o)
                0x00006498                USB_SetHandler
 .text.millis   0x000064a4        0xc C:\Users\duart\AppData\Local\arduino\sketches\68079F437916337DF7DC6B02F8359EC4/..\..\cores\Seeeduino_samd_rolawan_usbstack_arduino,debug_off_a0806429c01b778d2e97bb92b1158949\core.a(delay.c.o)
                0x000064a4                millis
 .text.micros   0x000064b0       0x60 C:\Users\duart\AppData\Local\arduino\sketches\68079F437916337DF7DC6B02F8359EC4/..\..\cores\Seeeduino_samd_rolawan_usbstack_arduino,debug_off_a0806429c01b778d2e97bb92b1158949\core.a(delay.c.o)
                0x000064b0                micros
 .text._real_delay
                0x00006510       0x30 C:\Users\duart\AppData\Local\arduino\sketches\68079F437916337DF7DC6B02F8359EC4/..\..\cores\Seeeduino_samd_rolawan_usbstack_arduino,debug_off_a0806429c01b778d2e97bb92b1158949\core.a(delay.c.o)
                0x00006510                _real_delay
                0x00006510                delay
 .text.SysTick_DefaultHandler
                0x00006540       0x14 C:\Users\duart\AppData\Local\arduino\sketches\68079F437916337DF7DC6B02F8359EC4/..\..\cores\Seeeduino_samd_rolawan_usbstack_arduino,debug_off_a0806429c01b778d2e97bb92b1158949\core.a(delay.c.o)
                0x00006540                SysTick_DefaultHandler
 .text.__empty  0x00006554        0x2 C:\Users\duart\AppData\Local\arduino\sketches\68079F437916337DF7DC6B02F8359EC4/..\..\cores\Seeeduino_samd_rolawan_usbstack_arduino,debug_off_a0806429c01b778d2e97bb92b1158949\core.a(hooks.c.o)
                0x00006554                yield
 .text.__false  0x00006556        0x4 C:\Users\duart\AppData\Local\arduino\sketches\68079F437916337DF7DC6B02F8359EC4/..\..\cores\Seeeduino_samd_rolawan_usbstack_arduino,debug_off_a0806429c01b778d2e97bb92b1158949\core.a(hooks.c.o)
                0x00006556                sysTickHook
 .text._Z11initVariantv
                0x0000655a        0x2 C:\Users\duart\AppData\Local\arduino\sketches\68079F437916337DF7DC6B02F8359EC4/..\..\cores\Seeeduino_samd_rolawan_usbstack_arduino,debug_off_a0806429c01b778d2e97bb92b1158949\core.a(main.cpp.o)
                0x0000655a                initVariant()
 .text._Z10_real_bodyv
                0x0000655c       0x20 C:\Users\duart\AppData\Local\arduino\sketches\68079F437916337DF7DC6B02F8359EC4/..\..\cores\Seeeduino_samd_rolawan_usbstack_arduino,debug_off_a0806429c01b778d2e97bb92b1158949\core.a(main.cpp.o)
                0x0000655c                _real_body()
 .text._Z10_wrap_bodyv
                0x0000657c        0x6 C:\Users\duart\AppData\Local\arduino\sketches\68079F437916337DF7DC6B02F8359EC4/..\..\cores\Seeeduino_samd_rolawan_usbstack_arduino,debug_off_a0806429c01b778d2e97bb92b1158949\core.a(main.cpp.o)
                0x0000657c                _wrap_body()
 *fill*         0x00006582        0x2 
 .text.startup.main
                0x00006584       0x30 C:\Users\duart\AppData\Local\arduino\sketches\68079F437916337DF7DC6B02F8359EC4/..\..\cores\Seeeduino_samd_rolawan_usbstack_arduino,debug_off_a0806429c01b778d2e97bb92b1158949\core.a(main.cpp.o)
                0x00006584                main
 .text._Znwj    0x000065b4        0x8 C:\Users\duart\AppData\Local\arduino\sketches\68079F437916337DF7DC6B02F8359EC4/..\..\cores\Seeeduino_samd_rolawan_usbstack_arduino,debug_off_a0806429c01b778d2e97bb92b1158949\core.a(new.cpp.o)
                0x000065b4                operator new(unsigned int)
 .text._ZdlPv   0x000065bc        0x8 C:\Users\duart\AppData\Local\arduino\sketches\68079F437916337DF7DC6B02F8359EC4/..\..\cores\Seeeduino_samd_rolawan_usbstack_arduino,debug_off_a0806429c01b778d2e97bb92b1158949\core.a(new.cpp.o)
                0x000065bc                operator delete(void*)
 .text._sbrk    0x000065c4       0x3c C:\Users\duart\AppData\Local\arduino\sketches\68079F437916337DF7DC6B02F8359EC4/..\..\cores\Seeeduino_samd_rolawan_usbstack_arduino,debug_off_a0806429c01b778d2e97bb92b1158949\core.a(new.cpp.o)
                0x000065c4                _sbrk
 .text.SystemInit
                0x00006600      0x160 C:\Users\duart\AppData\Local\arduino\sketches\68079F437916337DF7DC6B02F8359EC4/..\..\cores\Seeeduino_samd_rolawan_usbstack_arduino,debug_off_a0806429c01b778d2e97bb92b1158949\core.a(startup.c.o)